Archive member included because of file (symbol)

C:\Users\yimen\AppData\Local\Temp\arduino\sketches\2A22CCD368010BE262D1B9276C64B595/..\..\cores\lacunaspace_stm32l4_NUCLEO-L476RG_dosfs_none,speed_80,opt_os_57b4e5fc4178e33c891aeec98a87e1de\core.a(Print.cpp.o)
                              C:\Users\yimen\AppData\Local\Temp\arduino\sketches\2A22CCD368010BE262D1B9276C64B595\sketch\ADC3101.cpp.o (Print::println(char const*))
C:\Users\yimen\AppData\Local\Temp\arduino\sketches\2A22CCD368010BE262D1B9276C64B595/..\..\cores\lacunaspace_stm32l4_NUCLEO-L476RG_dosfs_none,speed_80,opt_os_57b4e5fc4178e33c891aeec98a87e1de\core.a(Stream.cpp.o)
                              C:\Users\yimen\AppData\Local\Temp\arduino\sketches\2A22CCD368010BE262D1B9276C64B595\libraries\I2S\I2S.cpp.o (Stream::read(unsigned char*, unsigned int))
C:\Users\yimen\AppData\Local\Temp\arduino\sketches\2A22CCD368010BE262D1B9276C64B595/..\..\cores\lacunaspace_stm32l4_NUCLEO-L476RG_dosfs_none,speed_80,opt_os_57b4e5fc4178e33c891aeec98a87e1de\core.a(Uart.cpp.o)
                              C:\Users\yimen\AppData\Local\Temp\arduino\sketches\2A22CCD368010BE262D1B9276C64B595\sketch\project_edge_ia.ino.cpp.o (Uart::begin(unsigned long))
C:\Users\yimen\AppData\Local\Temp\arduino\sketches\2A22CCD368010BE262D1B9276C64B595/..\..\cores\lacunaspace_stm32l4_NUCLEO-L476RG_dosfs_none,speed_80,opt_os_57b4e5fc4178e33c891aeec98a87e1de\core.a(WString.cpp.o)
                              C:\Users\yimen\AppData\Local\Temp\arduino\sketches\2A22CCD368010BE262D1B9276C64B595/..\..\cores\lacunaspace_stm32l4_NUCLEO-L476RG_dosfs_none,speed_80,opt_os_57b4e5fc4178e33c891aeec98a87e1de\core.a(Stream.cpp.o) (String::String(char const*))
C:\Users\yimen\AppData\Local\Temp\arduino\sketches\2A22CCD368010BE262D1B9276C64B595/..\..\cores\lacunaspace_stm32l4_NUCLEO-L476RG_dosfs_none,speed_80,opt_os_57b4e5fc4178e33c891aeec98a87e1de\core.a(abi.cpp.o)
                              C:\Users\yimen\AppData\Local\Temp\arduino\sketches\2A22CCD368010BE262D1B9276C64B595/..\..\cores\lacunaspace_stm32l4_NUCLEO-L476RG_dosfs_none,speed_80,opt_os_57b4e5fc4178e33c891aeec98a87e1de\core.a(Print.cpp.o) (__cxa_pure_virtual)
C:\Users\yimen\AppData\Local\Temp\arduino\sketches\2A22CCD368010BE262D1B9276C64B595/..\..\cores\lacunaspace_stm32l4_NUCLEO-L476RG_dosfs_none,speed_80,opt_os_57b4e5fc4178e33c891aeec98a87e1de\core.a(dtostrf.c.o)
                              C:\Users\yimen\AppData\Local\Temp\arduino\sketches\2A22CCD368010BE262D1B9276C64B595/..\..\cores\lacunaspace_stm32l4_NUCLEO-L476RG_dosfs_none,speed_80,opt_os_57b4e5fc4178e33c891aeec98a87e1de\core.a(WString.cpp.o) (dtostrf)
C:\Users\yimen\AppData\Local\Temp\arduino\sketches\2A22CCD368010BE262D1B9276C64B595/..\..\cores\lacunaspace_stm32l4_NUCLEO-L476RG_dosfs_none,speed_80,opt_os_57b4e5fc4178e33c891aeec98a87e1de\core.a(itoa.c.o)
                              C:\Users\yimen\AppData\Local\Temp\arduino\sketches\2A22CCD368010BE262D1B9276C64B595/..\..\cores\lacunaspace_stm32l4_NUCLEO-L476RG_dosfs_none,speed_80,opt_os_57b4e5fc4178e33c891aeec98a87e1de\core.a(WString.cpp.o) (ltoa)
C:\Users\yimen\AppData\Local\Temp\arduino\sketches\2A22CCD368010BE262D1B9276C64B595/..\..\cores\lacunaspace_stm32l4_NUCLEO-L476RG_dosfs_none,speed_80,opt_os_57b4e5fc4178e33c891aeec98a87e1de\core.a(main.cpp.o)
                              C:\Users\yimen\AppData\Local\Temp\arduino\sketches\2A22CCD368010BE262D1B9276C64B595/..\..\cores\lacunaspace_stm32l4_NUCLEO-L476RG_dosfs_none,speed_80,opt_os_57b4e5fc4178e33c891aeec98a87e1de\core.a(Uart.cpp.o) (serialEventDispatch())
C:\Users\yimen\AppData\Local\Temp\arduino\sketches\2A22CCD368010BE262D1B9276C64B595/..\..\cores\lacunaspace_stm32l4_NUCLEO-L476RG_dosfs_none,speed_80,opt_os_57b4e5fc4178e33c891aeec98a87e1de\core.a(stm32l4_wiring.c.o)
                              C:\Users\yimen\AppData\Local\Temp\arduino\sketches\2A22CCD368010BE262D1B9276C64B595/..\..\cores\lacunaspace_stm32l4_NUCLEO-L476RG_dosfs_none,speed_80,opt_os_57b4e5fc4178e33c891aeec98a87e1de\core.a(main.cpp.o) (init)
C:\Users\yimen\AppData\Local\Temp\arduino\sketches\2A22CCD368010BE262D1B9276C64B595/..\..\cores\lacunaspace_stm32l4_NUCLEO-L476RG_dosfs_none,speed_80,opt_os_57b4e5fc4178e33c891aeec98a87e1de\core.a(stm32l4_wiring_digital.c.o)
                              C:\Users\yimen\AppData\Local\Temp\arduino\sketches\2A22CCD368010BE262D1B9276C64B595\sketch\project_edge_ia.ino.cpp.o (pinMode)
C:\Users\yimen\AppData\Local\Arduino15\packages\lacunaspace\hardware\stm32l4\0.0.28-lacuna-8/system/STM32L4xx/Lib\libstm32l476.a(armv7m_atomic.o)
                              C:\Users\yimen\AppData\Local\Temp\arduino\sketches\2A22CCD368010BE262D1B9276C64B595/..\..\cores\lacunaspace_stm32l4_NUCLEO-L476RG_dosfs_none,speed_80,opt_os_57b4e5fc4178e33c891aeec98a87e1de\core.a(Uart.cpp.o) (armv7m_atomic_add)
C:\Users\yimen\AppData\Local\Arduino15\packages\lacunaspace\hardware\stm32l4\0.0.28-lacuna-8/system/STM32L4xx/Lib\libstm32l476.a(armv7m_core.o)
[...]
Memory Configuration

Name             Origin             Length             Attributes
FLASH            0x08000000         0x000fc000         xr
SRAM1            0x20000000         0x00018000         xrw
SRAM2            0x10000000         0x00008000         xrw
*default*        0x00000000         0xffffffff

Linker script and memory map

LOAD c:/users/yimen/appdata/local/arduino15/packages/arduino/tools/arm-none-eabi-gcc/4.8.3-2014q1/bin/../lib/gcc/arm-none-eabi/4.8.3/armv7e-m/fpu/crti.o
LOAD c:/users/yimen/appdata/local/arduino15/packages/arduino/tools/arm-none-eabi-gcc/4.8.3-2014q1/bin/../lib/gcc/arm-none-eabi/4.8.3/armv7e-m/fpu/crtbegin.o
LOAD c:/users/yimen/appdata/local/arduino15/packages/arduino/tools/arm-none-eabi-gcc/4.8.3-2014q1/bin/../lib/gcc/arm-none-eabi/4.8.3/../../../../arm-none-eabi/lib/armv7e-m/fpu/crt0.o
LOAD C:\Users\yimen\AppData\Local\Temp\arduino\sketches\2A22CCD368010BE262D1B9276C64B595\sketch\ADC3101.cpp.o
LOAD C:\Users\yimen\AppData\Local\Temp\arduino\sketches\2A22CCD368010BE262D1B9276C64B595\sketch\main.cpp.o
LOAD C:\Users\yimen\AppData\Local\Temp\arduino\sketches\2A22CCD368010BE262D1B9276C64B595\sketch\project_edge_ia.ino.cpp.o
LOAD C:\Users\yimen\AppData\Local\Temp\arduino\sketches\2A22CCD368010BE262D1B9276C64B595\libraries\I2S\I2S.cpp.o
LOAD C:\Users\yimen\AppData\Local\Temp\arduino\sketches\2A22CCD368010BE262D1B9276C64B595\libraries\Wire\Wire.cpp.o
LOAD C:\Users\yimen\AppData\Local\Temp\arduino\sketches\2A22CCD368010BE262D1B9276C64B595\core\variant.cpp.o
START GROUP
LOAD C:\Users\yimen\AppData\Local\Temp\arduino\sketches\2A22CCD368010BE262D1B9276C64B595/..\..\cores\lacunaspace_stm32l4_NUCLEO-L476RG_dosfs_none,speed_80,opt_os_57b4e5fc4178e33c891aeec98a87e1de\core.a
END GROUP
LOAD C:\Users\yimen\AppData\Local\Arduino15\packages\lacunaspace\hardware\stm32l4\0.0.28-lacuna-8/system/STM32L4xx/Lib\libstm32l476.a
LOAD C:\Users\yimen\AppData\Local\Arduino15\packages\lacunaspace\hardware\stm32l4\0.0.28-lacuna-8/system/CMSIS/Lib\libarm_cortexM4lf_math.a
LOAD c:/users/yimen/appdata/local/arduino15/packages/arduino/tools/arm-none-eabi-gcc/4.8.3-2014q1/bin/../lib/gcc/arm-none-eabi/4.8.3/../../../../arm-none-eabi/lib/armv7e-m/fpu\libc_s.a
LOAD c:/users/yimen/appdata/local/arduino15/packages/arduino/tools/arm-none-eabi-gcc/4.8.3-2014q1/bin/../lib/gcc/arm-none-eabi/4.8.3/../../../../arm-none-eabi/lib/armv7e-m/fpu\libm.a
START GROUP
LOAD c:/users/yimen/appdata/local/arduino15/packages/arduino/tools/arm-none-eabi-gcc/4.8.3-2014q1/bin/../lib/gcc/arm-none-eabi/4.8.3/armv7e-m/fpu\libgcc.a
LOAD c:/users/yimen/appdata/local/arduino15/packages/arduino/tools/arm-none-eabi-gcc/4.8.3-2014q1/bin/../lib/gcc/arm-none-eabi/4.8.3/../../../../arm-none-eabi/lib/armv7e-m/fpu\libg_s.a
LOAD c:/users/yimen/appdata/local/arduino15/packages/arduino/tools/arm-none-eabi-gcc/4.8.3-2014q1/bin/../lib/gcc/arm-none-eabi/4.8.3/../../../../arm-none-eabi/lib/armv7e-m/fpu\libc_s.a
END GROUP
START GROUP
LOAD c:/users/yimen/appdata/local/arduino15/packages/arduino/tools/arm-none-eabi-gcc/4.8.3-2014q1/bin/../lib/gcc/arm-none-eabi/4.8.3/armv7e-m/fpu\libgcc.a
LOAD c:/users/yimen/appdata/local/arduino15/packages/arduino/tools/arm-none-eabi-gcc/4.8.3-2014q1/bin/../lib/gcc/arm-none-eabi/4.8.3/../../../../arm-none-eabi/lib/armv7e-m/fpu\libc_s.a
END GROUP
LOAD c:/users/yimen/appdata/local/arduino15/packages/arduino/tools/arm-none-eabi-gcc/4.8.3-2014q1/bin/../lib/gcc/arm-none-eabi/4.8.3/armv7e-m/fpu/crtend.o
LOAD c:/users/yimen/appdata/local/arduino15/packages/arduino/tools/arm-none-eabi-gcc/4.8.3-2014q1/bin/../lib/gcc/arm-none-eabi/4.8.3/armv7e-m/fpu/crtn.o

.boot           0x08000000      0x800
 boot_stm32l476.o(.isr_vector)
 .isr_vector    0x08000000       0x40 C:\Users\yimen\AppData\Local\Arduino15\packages\lacunaspace\hardware\stm32l4\0.0.28-lacuna-8/system/STM32L4xx/Lib\boot_stm32l476.o
                0x08000000                vectors_stm32l4xx
 boot_stm32l476.o(.text .text*)
 .text          0x08000040        0x0 C:\Users\yimen\AppData\Local\Arduino15\packages\lacunaspace\hardware\stm32l4\0.0.28-lacuna-8/system/STM32L4xx/Lib\boot_stm32l476.o
 .text.default_irq_stm32l4xx
                0x08000040        0x2 C:\Users\yimen\AppData\Local\Arduino15\packages\lacunaspace\hardware\stm32l4\0.0.28-lacuna-8/system/STM32L4xx/Lib\boot_stm32l476.o
 *fill*         0x08000042        0x2 
 .text.reset_stm32l4xx
                0x08000044      0x1f0 C:\Users\yimen\AppData\Local\Arduino15\packages\lacunaspace\hardware\stm32l4\0.0.28-lacuna-8/system/STM32L4xx/Lib\boot_stm32l476.o
                0x08000044                reset_stm32l4xx
 .text.unlikely.stm32l4_iap_erase
                0x08000234       0x8e C:\Users\yimen\AppData\Local\Arduino15\packages\lacunaspace\hardware\stm32l4\0.0.28-lacuna-8/system/STM32L4xx/Lib\boot_stm32l476.o
 .text.unlikely.stm32l4_iap_program.constprop.0
                0x080002c2       0x7e C:\Users\yimen\AppData\Local\Arduino15\packages\lacunaspace\hardware\stm32l4\0.0.28-lacuna-8/system/STM32L4xx/Lib\boot_stm32l476.o
 .text.stm32l4_iap
                0x08000340      0x182 C:\Users\yimen\AppData\Local\Arduino15\packages\lacunaspace\hardware\stm32l4\0.0.28-lacuna-8/system/STM32L4xx/Lib\boot_stm32l476.o
                0x08000340                stm32l4_iap
 boot_stm32l476.o(.rodata .rodata*)
 .rodata.stm32l4_iap_do_program
                0x080004c2       0x44 C:\Users\yimen\AppData\Local\Arduino15\packages\lacunaspace\hardware\stm32l4\0.0.28-lacuna-8/system/STM32L4xx/Lib\boot_stm32l476.o
 .rodata.stm32l4_iap_do_erase
                0x08000506       0x24 C:\Users\yimen\AppData\Local\Arduino15\packages\lacunaspace\hardware\stm32l4\0.0.28-lacuna-8/system/STM32L4xx/Lib\boot_stm32l476.o
 .rodata.stm32l4_iap_signature
                0x0800052a        0xb C:\Users\yimen\AppData\Local\Arduino15\packages\lacunaspace\hardware\stm32l4\0.0.28-lacuna-8/system/STM32L4xx/Lib\boot_stm32l476.o
 *(.iap_prefix)
 *fill*         0x08000535        0x1 
 .iap_prefix    0x08000536        0x6 C:\Users\yimen\AppData\Local\Temp\arduino\sketches\2A22CCD368010BE262D1B9276C64B595/..\..\cores\lacunaspace_stm32l4_NUCLEO-L476RG_dosfs_none,speed_80,opt_os_57b4e5fc4178e33c891aeec98a87e1de\core.a(stm32l4_wiring.c.o)
                0x08000536                stm32l4_iap_prefix
                0x00000800                . = 0x800
 *fill*         0x0800053c      0x2c4 

.text           0x08000800     0xab60
 *(.isr_vector)
 .isr_vector    0x08000800      0x188 C:\Users\yimen\AppData\Local\Arduino15\packages\lacunaspace\hardware\stm32l4\0.0.28-lacuna-8/system/STM32L4xx/Lib\libstm32l476.a(startup_stm32l476xx.o)
                0x08000800                __isr_vector
                0x000001c0                . = 0x1c0
 *fill*         0x08000988       0x38 
 *(.iap_info)
 .iap_info      0x080009c0       0x18 C:\Users\yimen\AppData\Local\Temp\arduino\sketches\2A22CCD368010BE262D1B9276C64B595/..\..\cores\lacunaspace_stm32l4_NUCLEO-L476RG_dosfs_none,speed_80,opt_os_57b4e5fc4178e33c891aeec98a87e1de\core.a(stm32l4_wiring.c.o)
                0x080009c0                stm32l4_iap_info
                0x00000200                . = 0x200
 *fill*         0x080009d8       0x28 
 *(.text .text.* .gnu.linkonce.t.*)
 .text          0x08000a00       0x54 c:/users/yimen/appdata/local/arduino15/packages/arduino/tools/arm-none-eabi-gcc/4.8.3-2014q1/bin/../lib/gcc/arm-none-eabi/4.8.3/armv7e-m/fpu/crtbegin.o
 .text._ZN7TwoWire5writeEi
                0x08000a54        0xc C:\Users\yimen\AppData\Local\Temp\arduino\sketches\2A22CCD368010BE262D1B9276C64B595\sketch\ADC3101.cpp.o
                0x08000a54                TwoWire::write(int)
 .text._ZN7ADC3101C2ER7TwoWirehb
                0x08000a60        0xa C:\Users\yimen\AppData\Local\Temp\arduino\sketches\2A22CCD368010BE262D1B9276C64B595\sketch\ADC3101.cpp.o
                0x08000a60                ADC3101::ADC3101(TwoWire&, unsigned char, bool)
                0x08000a60                ADC3101::ADC3101(TwoWire&, unsigned char, bool)
 .text._ZN7ADC31018writeI2CEii
                0x08000a6a       0x46 C:\Users\yimen\AppData\Local\Temp\arduino\sketches\2A22CCD368010BE262D1B9276C64B595\sketch\ADC3101.cpp.o
                0x08000a6a                ADC3101::writeI2C(int, int)
 .text._ZN7ADC31015setupEv
                0x08000ab0      0x46a C:\Users\yimen\AppData\Local\Temp\arduino\sketches\2A22CCD368010BE262D1B9276C64B595\sketch\ADC3101.cpp.o
                0x08000ab0                ADC3101::setup()
 .text._Z19average_pooling1d_5PA3_KsPA1_s
                0x08000f1a       0x2c C:\Users\yimen\AppData\Local\Temp\arduino\sketches\2A22CCD368010BE262D1B9276C64B595\sketch\project_edge_ia.ino.cpp.o
                0x08000f1a                average_pooling1d_5(short const (*) [3], short (*) [1])
 .text._Z3cnnPA10000_KsPs
                0x08000f46      0x42a C:\Users\yimen\AppData\Local\Temp\arduino\sketches\2A22CCD368010BE262D1B9276C64B595\sketch\project_edge_ia.ino.cpp.o
                0x08000f46                cnn(short const (*) [10000], short*)
 .text._Z14processI2SDataPhj
                0x08001370       0x54 C:\Users\yimen\AppData\Local\Temp\arduino\sketches\2A22CCD368010BE262D1B9276C64B595\sketch\project_edge_ia.ino.cpp.o
                0x08001370                processI2SData(unsigned char*, unsigned int)
 .text.loop     0x080013c4       0xba C:\Users\yimen\AppData\Local\Temp\arduino\sketches\2A22CCD368010BE262D1B9276C64B595\sketch\project_edge_ia.ino.cpp.o
                0x080013c4                loop
 .text.startup._GLOBAL__sub_I__Z19average_pooling1d_5PA3_KsPA1_s
                0x0800147e       0x64 C:\Users\yimen\AppData\Local\Temp\arduino\sketches\2A22CCD368010BE262D1B9276C64B595\sketch\project_edge_ia.ino.cpp.o
 .text._Z12onI2SReceivev
                0x080014e2       0x3c C:\Users\yimen\AppData\Local\Temp\arduino\sketches\2A22CCD368010BE262D1B9276C64B595\sketch\project_edge_ia.ino.cpp.o
                0x080014e2                onI2SReceive()
 .text.setup    0x0800151e       0x84 C:\Users\yimen\AppData\Local\Temp\arduino\sketches\2A22CCD368010BE262D1B9276C64B595\sketch\project_edge_ia.ino.cpp.o
                0x0800151e                setup
 .text._ZN6Stream9readBytesEPhj
                0x080015a2        0xa C:\Users\yimen\AppData\Local\Temp\arduino\sketches\2A22CCD368010BE262D1B9276C64B595\libraries\I2S\I2S.cpp.o
                0x080015a2                Stream::readBytes(unsigned char*, unsigned int)
 .text._ZN8I2SClass5flushEv
                0x080015ac        0x2 C:\Users\yimen\AppData\Local\Temp\arduino\sketches\2A22CCD368010BE262D1B9276C64B595\libraries\I2S\I2S.cpp.o
                0x080015ac                I2SClass::flush()
 .text._ZN8I2SClass17availableForWriteEv
                0x080015ae       0x1e C:\Users\yimen\AppData\Local\Temp\arduino\sketches\2A22CCD368010BE262D1B9276C64B595\libraries\I2S\I2S.cpp.o
                0x080015ae                I2SClass::availableForWrite()
 .text._ZN8I2SClass9availableEv
                0x080015cc       0x58 C:\Users\yimen\AppData\Local\Temp\arduino\sketches\2A22CCD368010BE262D1B9276C64B595\libraries\I2S\I2S.cpp.o
                0x080015cc                I2SClass::available()
 .text._ZN8I2SClass4peekEv
                0x08001624       0x8e C:\Users\yimen\AppData\Local\Temp\arduino\sketches\2A22CCD368010BE262D1B9276C64B595\libraries\I2S\I2S.cpp.o
                0x08001624                I2SClass::peek()
 .text._ZN8I2SClassC2EP14_stm32l4_sai_tjPK19_stm32l4_sai_pins_tjj
                0x080016b2       0x40 C:\Users\yimen\AppData\Local\Temp\arduino\sketches\2A22CCD368010BE262D1B9276C64B595\libraries\I2S\I2S.cpp.o
                0x080016b2                I2SClass::I2SClass(_stm32l4_sai_t*, unsigned int, _stm32l4_sai_pins_t const*, unsigned int, unsigned int)
                0x080016b2                I2SClass::I2SClass(_stm32l4_sai_t*, unsigned int, _stm32l4_sai_pins_t const*, unsigned int, unsigned int)
 .text._ZN8I2SClass5beginEilib
                0x080016f2       0xc0 C:\Users\yimen\AppData\Local\Temp\arduino\sketches\2A22CCD368010BE262D1B9276C64B595\libraries\I2S\I2S.cpp.o
                0x080016f2                I2SClass::begin(int, long, int, bool)
 .text._ZN8I2SClass4readEPvj
                0x080017b2       0xc6 C:\Users\yimen\AppData\Local\Temp\arduino\sketches\2A22CCD368010BE262D1B9276C64B595\libraries\I2S\I2S.cpp.o
                0x080017b2                I2SClass::read(void*, unsigned int)
 .text._ZN8I2SClass4readEv
                0x08001878       0x3a C:\Users\yimen\AppData\Local\Temp\arduino\sketches\2A22CCD368010BE262D1B9276C64B595\libraries\I2S\I2S.cpp.o
                0x08001878                I2SClass::read()
 .text._ZN8I2SClass5writeEPKvj
                0x080018b2       0x8e C:\Users\yimen\AppData\Local\Temp\arduino\sketches\2A22CCD368010BE262D1B9276C64B595\libraries\I2S\I2S.cpp.o
                0x080018b2                I2SClass::write(void const*, unsigned int)
 .text._ZN8I2SClass5writeEPKhj
                0x08001940        0x4 C:\Users\yimen\AppData\Local\Temp\arduino\sketches\2A22CCD368010BE262D1B9276C64B595\libraries\I2S\I2S.cpp.o
                0x08001940                I2SClass::write(unsigned char const*, unsigned int)
 .text._ZN8I2SClass5writeEl
                0x08001944       0x34 C:\Users\yimen\AppData\Local\Temp\arduino\sketches\2A22CCD368010BE262D1B9276C64B595\libraries\I2S\I2S.cpp.o
                0x08001944                I2SClass::write(long)
 .text._ZN8I2SClass5writeEh
                0x08001978        0x4 C:\Users\yimen\AppData\Local\Temp\arduino\sketches\2A22CCD368010BE262D1B9276C64B595\libraries\I2S\I2S.cpp.o
                0x08001978                I2SClass::write(unsigned char)
 .text._ZN8I2SClass9onReceiveEPFvvE
                0x0800197c        0x6 C:\Users\yimen\AppData\Local\Temp\arduino\sketches\2A22CCD368010BE262D1B9276C64B595\libraries\I2S\I2S.cpp.o
                0x0800197c                I2SClass::onReceive(void (*)())
 .text._ZN8I2SClass13EventCallbackEm
                0x08001982       0x84 C:\Users\yimen\AppData\Local\Temp\arduino\sketches\2A22CCD368010BE262D1B9276C64B595\libraries\I2S\I2S.cpp.o
                0x08001982                I2SClass::EventCallback(unsigned long)
 .text._ZN8I2SClass14_eventCallbackEPvm
                0x08001a06        0x4 C:\Users\yimen\AppData\Local\Temp\arduino\sketches\2A22CCD368010BE262D1B9276C64B595\libraries\I2S\I2S.cpp.o
                0x08001a06                I2SClass::_eventCallback(void*, unsigned long)
 .text.armv7m_core_yield
                0x08001a0a        0x8 C:\Users\yimen\AppData\Local\Temp\arduino\sketches\2A22CCD368010BE262D1B9276C64B595\libraries\Wire\Wire.cpp.o
 .text._ZN7TwoWire9availableEv
                0x08001a12        0xc C:\Users\yimen\AppData\Local\Temp\arduino\sketches\2A22CCD368010BE262D1B9276C64B595\libraries\Wire\Wire.cpp.o
                0x08001a12                TwoWire::available()
 .text._ZN7TwoWire4readEv
                0x08001a1e       0x1e C:\Users\yimen\AppData\Local\Temp\arduino\sketches\2A22CCD368010BE262D1B9276C64B595\libraries\Wire\Wire.cpp.o
                0x08001a1e                TwoWire::read()
 .text._ZN7TwoWire4peekEv
                0x08001a3c       0x16 C:\Users\yimen\AppData\Local\Temp\arduino\sketches\2A22CCD368010BE262D1B9276C64B595\libraries\Wire\Wire.cpp.o
                0x08001a3c                TwoWire::peek()
 .text._ZN7TwoWire5writeEh
                0x08001a52       0x22 C:\Users\yimen\AppData\Local\Temp\arduino\sketches\2A22CCD368010BE262D1B9276C64B595\libraries\Wire\Wire.cpp.o
                0x08001a52                TwoWire::write(unsigned char)
 .text._ZN7TwoWire5writeEPKhj
                0x08001a74       0x2c C:\Users\yimen\AppData\Local\Temp\arduino\sketches\2A22CCD368010BE262D1B9276C64B595\libraries\Wire\Wire.cpp.o
                0x08001a74                TwoWire::write(unsigned char const*, unsigned int)
 .text._ZN7TwoWire5flushEv
                0x08001aa0       0x2e C:\Users\yimen\AppData\Local\Temp\arduino\sketches\2A22CCD368010BE262D1B9276C64B595\libraries\Wire\Wire.cpp.o
                0x08001aa0                TwoWire::flush()
 .text._ZN7TwoWireC2EP14_stm32l4_i2c_tjPK19_stm32l4_i2c_pins_tjj
                0x08001ace       0x58 C:\Users\yimen\AppData\Local\Temp\arduino\sketches\2A22CCD368010BE262D1B9276C64B595\libraries\Wire\Wire.cpp.o
                0x08001ace                TwoWire::TwoWire(_stm32l4_i2c_t*, unsigned int, _stm32l4_i2c_pins_t const*, unsigned int, unsigned int)
                0x08001ace                TwoWire::TwoWire(_stm32l4_i2c_t*, unsigned int, _stm32l4_i2c_pins_t const*, unsigned int, unsigned int)
 .text._ZN7TwoWire5beginEv
                0x08001b26       0x28 C:\Users\yimen\AppData\Local\Temp\arduino\sketches\2A22CCD368010BE262D1B9276C64B595\libraries\Wire\Wire.cpp.o
                0x08001b26                TwoWire::begin()
 .text._ZN7TwoWire17beginTransmissionEh
                0x08001b4e       0x16 C:\Users\yimen\AppData\Local\Temp\arduino\sketches\2A22CCD368010BE262D1B9276C64B595\libraries\Wire\Wire.cpp.o
                0x08001b4e                TwoWire::beginTransmission(unsigned char)
 .text._ZN7TwoWire15endTransmissionEb
                0x08001b64       0x6a C:\Users\yimen\AppData\Local\Temp\arduino\sketches\2A22CCD368010BE262D1B9276C64B595\libraries\Wire\Wire.cpp.o
                0x08001b64                TwoWire::endTransmission(bool)
 .text._ZN7TwoWire13EventCallbackEm
                0x08001bce       0xa8 C:\Users\yimen\AppData\Local\Temp\arduino\sketches\2A22CCD368010BE262D1B9276C64B595\libraries\Wire\Wire.cpp.o
                0x08001bce                TwoWire::EventCallback(unsigned long)
 .text._ZN7TwoWire14_eventCallbackEPvm
                0x08001c76        0x4 C:\Users\yimen\AppData\Local\Temp\arduino\sketches\2A22CCD368010BE262D1B9276C64B595\libraries\Wire\Wire.cpp.o
                0x08001c76                TwoWire::_eventCallback(void*, unsigned long)
 .text.startup._GLOBAL__sub_I__ZN7TwoWireC2EP14_stm32l4_i2c_tjPK19_stm32l4_i2c_pins_tjj
                0x08001c7a       0x48 C:\Users\yimen\AppData\Local\Temp\arduino\sketches\2A22CCD368010BE262D1B9276C64B595\libraries\Wire\Wire.cpp.o
 .text._ZN5Print5writeEPKc
                0x08001cc2       0x1e C:\Users\yimen\AppData\Local\Temp\arduino\sketches\2A22CCD368010BE262D1B9276C64B595/..\..\cores\lacunaspace_stm32l4_NUCLEO-L476RG_dosfs_none,speed_80,opt_os_57b4e5fc4178e33c891aeec98a87e1de\core.a(Print.cpp.o)
                0x08001cc2                Print::write(char const*)
 .text._ZN5Print5printEc
                0x08001ce0        0xa C:\Users\yimen\AppData\Local\Temp\arduino\sketches\2A22CCD368010BE262D1B9276C64B595/..\..\cores\lacunaspace_stm32l4_NUCLEO-L476RG_dosfs_none,speed_80,opt_os_57b4e5fc4178e33c891aeec98a87e1de\core.a(Print.cpp.o)
                0x08001ce0                Print::print(char)
 .text._ZN5Print7printlnEv
                0x08001cea       0x10 C:\Users\yimen\AppData\Local\Temp\arduino\sketches\2A22CCD368010BE262D1B9276C64B595/..\..\cores\lacunaspace_stm32l4_NUCLEO-L476RG_dosfs_none,speed_80,opt_os_57b4e5fc4178e33c891aeec98a87e1de\core.a(Print.cpp.o)
                0x08001cea                Print::println()
 .text._ZN5Print7printlnEPKc
                0x08001cfa       0x14 C:\Users\yimen\AppData\Local\Temp\arduino\sketches\2A22CCD368010BE262D1B9276C64B595/..\..\cores\lacunaspace_stm32l4_NUCLEO-L476RG_dosfs_none,speed_80,opt_os_57b4e5fc4178e33c891aeec98a87e1de\core.a(Print.cpp.o)
                0x08001cfa                Print::println(char const*)
 .text._ZN5Print11printNumberEmh
                0x08001d0e       0x3e C:\Users\yimen\AppData\Local\Temp\arduino\sketches\2A22CCD368010BE262D1B9276C64B595/..\..\cores\lacunaspace_stm32l4_NUCLEO-L476RG_dosfs_none,speed_80,opt_os_57b4e5fc4178e33c891aeec98a87e1de\core.a(Print.cpp.o)
                0x08001d0e                Print::printNumber(unsigned long, unsigned char)
 .text._ZN5Print5printEli
                0x08001d4c       0x3c C:\Users\yimen\AppData\Local\Temp\arduino\sketches\2A22CCD368010BE262D1B9276C64B595/..\..\cores\lacunaspace_stm32l4_NUCLEO-L476RG_dosfs_none,speed_80,opt_os_57b4e5fc4178e33c891aeec98a87e1de\core.a(Print.cpp.o)
                0x08001d4c                Print::print(long, int)
 .text._ZN5Print7printlnEii
                0x08001d88       0x14 C:\Users\yimen\AppData\Local\Temp\arduino\sketches\2A22CCD368010BE262D1B9276C64B595/..\..\cores\lacunaspace_stm32l4_NUCLEO-L476RG_dosfs_none,speed_80,opt_os_57b4e5fc4178e33c891aeec98a87e1de\core.a(Print.cpp.o)
                0x08001d88                Print::println(int, int)
 .text._ZN6Stream4readEPhj
                0x08001d9c       0x32 C:\Users\yimen\AppData\Local\Temp\arduino\sketches\2A22CCD368010BE262D1B9276C64B595/..\..\cores\lacunaspace_stm32l4_NUCLEO-L476RG_dosfs_none,speed_80,opt_os_57b4e5fc4178e33c891aeec98a87e1de\core.a(Stream.cpp.o)
                0x08001d9c                Stream::read(unsigned char*, unsigned int)
 .text._ZN6Stream9readBytesEPcj
                0x08001dce       0x36 C:\Users\yimen\AppData\Local\Temp\arduino\sketches\2A22CCD368010BE262D1B9276C64B595/..\..\cores\lacunaspace_stm32l4_NUCLEO-L476RG_dosfs_none,speed_80,opt_os_57b4e5fc4178e33c891aeec98a87e1de\core.a(Stream.cpp.o)
                0x08001dce                Stream::readBytes(char*, unsigned int)
 .text._ZN4UartcvbEv
                0x08001e04        0x4 C:\Users\yimen\AppData\Local\Temp\arduino\sketches\2A22CCD368010BE262D1B9276C64B595/..\..\cores\lacunaspace_stm32l4_NUCLEO-L476RG_dosfs_none,speed_80,opt_os_57b4e5fc4178e33c891aeec98a87e1de\core.a(Uart.cpp.o)
                0x08001e04                Uart::operator bool()
 .text._ZN4Uart5writeEh
                0x08001e08       0x16 C:\Users\yimen\AppData\Local\Temp\arduino\sketches\2A22CCD368010BE262D1B9276C64B595/..\..\cores\lacunaspace_stm32l4_NUCLEO-L476RG_dosfs_none,speed_80,opt_os_57b4e5fc4178e33c891aeec98a87e1de\core.a(Uart.cpp.o)
                0x08001e08                Uart::write(unsigned char)
 .text._ZN4Uart3endEv
                0x08001e1e       0x14 C:\Users\yimen\AppData\Local\Temp\arduino\sketches\2A22CCD368010BE262D1B9276C64B595/..\..\cores\lacunaspace_stm32l4_NUCLEO-L476RG_dosfs_none,speed_80,opt_os_57b4e5fc4178e33c891aeec98a87e1de\core.a(Uart.cpp.o)
                0x08001e1e                Uart::end()
 .text._ZN4Uart9availableEv
                0x08001e32        0x6 C:\Users\yimen\AppData\Local\Temp\arduino\sketches\2A22CCD368010BE262D1B9276C64B595/..\..\cores\lacunaspace_stm32l4_NUCLEO-L476RG_dosfs_none,speed_80,opt_os_57b4e5fc4178e33c891aeec98a87e1de\core.a(Uart.cpp.o)
                0x08001e32                Uart::available()
 .text._ZN4Uart4peekEv
                0x08001e38        0x6 C:\Users\yimen\AppData\Local\Temp\arduino\sketches\2A22CCD368010BE262D1B9276C64B595/..\..\cores\lacunaspace_stm32l4_NUCLEO-L476RG_dosfs_none,speed_80,opt_os_57b4e5fc4178e33c891aeec98a87e1de\core.a(Uart.cpp.o)
                0x08001e38                Uart::peek()
 .text._ZN4Uart4readEv
                0x08001e3e       0x26 C:\Users\yimen\AppData\Local\Temp\arduino\sketches\2A22CCD368010BE262D1B9276C64B595/..\..\cores\lacunaspace_stm32l4_NUCLEO-L476RG_dosfs_none,speed_80,opt_os_57b4e5fc4178e33c891aeec98a87e1de\core.a(Uart.cpp.o)
                0x08001e3e                Uart::read()
 .text._ZN4Uart4readEPhj
                0x08001e64        0x8 C:\Users\yimen\AppData\Local\Temp\arduino\sketches\2A22CCD368010BE262D1B9276C64B595/..\..\cores\lacunaspace_stm32l4_NUCLEO-L476RG_dosfs_none,speed_80,opt_os_57b4e5fc4178e33c891aeec98a87e1de\core.a(Uart.cpp.o)
                0x08001e64                Uart::read(unsigned char*, unsigned int)
 .text._ZN4Uart5flushEv
                0x08001e6c       0x4c C:\Users\yimen\AppData\Local\Temp\arduino\sketches\2A22CCD368010BE262D1B9276C64B595/..\..\cores\lacunaspace_stm32l4_NUCLEO-L476RG_dosfs_none,speed_80,opt_os_57b4e5fc4178e33c891aeec98a87e1de\core.a(Uart.cpp.o)
                0x08001e6c                Uart::flush()
 .text._ZN4Uart5writeEPKhj
                0x08001eb8      0x138 C:\Users\yimen\AppData\Local\Temp\arduino\sketches\2A22CCD368010BE262D1B9276C64B595/..\..\cores\lacunaspace_stm32l4_NUCLEO-L476RG_dosfs_none,speed_80,opt_os_57b4e5fc4178e33c891aeec98a87e1de\core.a(Uart.cpp.o)
                0x08001eb8                Uart::write(unsigned char const*, unsigned int)
 .text._ZN4UartC2EP15_stm32l4_uart_tjPK20_stm32l4_uart_pins_tjjb
                0x08001ff0       0x6c C:\Users\yimen\AppData\Local\Temp\arduino\sketches\2A22CCD368010BE262D1B9276C64B595/..\..\cores\lacunaspace_stm32l4_NUCLEO-L476RG_dosfs_none,speed_80,opt_os_57b4e5fc4178e33c891aeec98a87e1de\core.a(Uart.cpp.o)
                0x08001ff0                Uart::Uart(_stm32l4_uart_t*, unsigned int, _stm32l4_uart_pins_t const*, unsigned int, unsigned int, bool)
                0x08001ff0                Uart::Uart(_stm32l4_uart_t*, unsigned int, _stm32l4_uart_pins_t const*, unsigned int, unsigned int, bool)
 .text._ZN4Uart5beginEmmPhj
                0x0800205c       0x48 C:\Users\yimen\AppData\Local\Temp\arduino\sketches\2A22CCD368010BE262D1B9276C64B595/..\..\cores\lacunaspace_stm32l4_NUCLEO-L476RG_dosfs_none,speed_80,opt_os_57b4e5fc4178e33c891aeec98a87e1de\core.a(Uart.cpp.o)
                0x0800205c                Uart::begin(unsigned long, unsigned long, unsigned char*, unsigned int)
 .text._ZN4Uart5beginEm
                0x080020a4       0x18 C:\Users\yimen\AppData\Local\Temp\arduino\sketches\2A22CCD368010BE262D1B9276C64B595/..\..\cores\lacunaspace_stm32l4_NUCLEO-L476RG_dosfs_none,speed_80,opt_os_57b4e5fc4178e33c891aeec98a87e1de\core.a(Uart.cpp.o)
                0x080020a4                Uart::begin(unsigned long)
 .text._ZN4Uart5beginEmm
                0x080020bc       0x14 C:\Users\yimen\AppData\Local\Temp\arduino\sketches\2A22CCD368010BE262D1B9276C64B595/..\..\cores\lacunaspace_stm32l4_NUCLEO-L476RG_dosfs_none,speed_80,opt_os_57b4e5fc4178e33c891aeec98a87e1de\core.a(Uart.cpp.o)
                0x080020bc                Uart::begin(unsigned long, unsigned long)
 .text._ZN4Uart13EventCallbackEm
                0x080020d0       0xa4 C:\Users\yimen\AppData\Local\Temp\arduino\sketches\2A22CCD368010BE262D1B9276C64B595/..\..\cores\lacunaspace_stm32l4_NUCLEO-L476RG_dosfs_none,speed_80,opt_os_57b4e5fc4178e33c891aeec98a87e1de\core.a(Uart.cpp.o)
                0x080020d0                Uart::EventCallback(unsigned long)
 .text._ZN4Uart15_event_callbackEPvm
                0x08002174        0x4 C:\Users\yimen\AppData\Local\Temp\arduino\sketches\2A22CCD368010BE262D1B9276C64B595/..\..\cores\lacunaspace_stm32l4_NUCLEO-L476RG_dosfs_none,speed_80,opt_os_57b4e5fc4178e33c891aeec98a87e1de\core.a(Uart.cpp.o)
                0x08002174                Uart::_event_callback(void*, unsigned long)
 .text._Z12Serial_emptyv
                0x08002178       0x18 C:\Users\yimen\AppData\Local\Temp\arduino\sketches\2A22CCD368010BE262D1B9276C64B595/..\..\cores\lacunaspace_stm32l4_NUCLEO-L476RG_dosfs_none,speed_80,opt_os_57b4e5fc4178e33c891aeec98a87e1de\core.a(Uart.cpp.o)
                0x08002178                Serial_empty()
 .text.startup._GLOBAL__sub_I__ZN4UartC2EP15_stm32l4_uart_tjPK20_stm32l4_uart_pins_tjjb
                0x08002190       0x4e C:\Users\yimen\AppData\Local\Temp\arduino\sketches\2A22CCD368010BE262D1B9276C64B595/..\..\cores\lacunaspace_stm32l4_NUCLEO-L476RG_dosfs_none,speed_80,opt_os_57b4e5fc4178e33c891aeec98a87e1de\core.a(Uart.cpp.o)
 .text._Z19serialEventDispatchv
                0x080021de       0x22 C:\Users\yimen\AppData\Local\Temp\arduino\sketches\2A22CCD368010BE262D1B9276C64B595/..\..\cores\lacunaspace_stm32l4_NUCLEO-L476RG_dosfs_none,speed_80,opt_os_57b4e5fc4178e33c891aeec98a87e1de\core.a(main.cpp.o)
                0x080021de                serialEventDispatch()
 .text._Z11initVariantv
                0x08002200        0x2 C:\Users\yimen\AppData\Local\Temp\arduino\sketches\2A22CCD368010BE262D1B9276C64B595/..\..\cores\lacunaspace_stm32l4_NUCLEO-L476RG_dosfs_none,speed_80,opt_os_57b4e5fc4178e33c891aeec98a87e1de\core.a(main.cpp.o)
                0x08002200                initVariant()
 .text.startup.main
                0x08002202       0x2e C:\Users\yimen\AppData\Local\Temp\arduino\sketches\2A22CCD368010BE262D1B9276C64B595/..\..\cores\lacunaspace_stm32l4_NUCLEO-L476RG_dosfs_none,speed_80,opt_os_57b4e5fc4178e33c891aeec98a87e1de\core.a(main.cpp.o)
                0x08002202                main
 .text.HardFault_Handler
                0x08002230        0x2 C:\Users\yimen\AppData\Local\Temp\arduino\sketches\2A22CCD368010BE262D1B9276C64B595/..\..\cores\lacunaspace_stm32l4_NUCLEO-L476RG_dosfs_none,speed_80,opt_os_57b4e5fc4178e33c891aeec98a87e1de\core.a(stm32l4_wiring.c.o)
                0x08002230                HardFault_Handler
 .text.BusFault_Handler
                0x08002232        0x2 C:\Users\yimen\AppData\Local\Temp\arduino\sketches\2A22CCD368010BE262D1B9276C64B595/..\..\cores\lacunaspace_stm32l4_NUCLEO-L476RG_dosfs_none,speed_80,opt_os_57b4e5fc4178e33c891aeec98a87e1de\core.a(stm32l4_wiring.c.o)
                0x08002232                BusFault_Handler
 .text.UsageFault_Handler
                0x08002234        0x2 C:\Users\yimen\AppData\Local\Temp\arduino\sketches\2A22CCD368010BE262D1B9276C64B595/..\..\cores\lacunaspace_stm32l4_NUCLEO-L476RG_dosfs_none,speed_80,opt_os_57b4e5fc4178e33c891aeec98a87e1de\core.a(stm32l4_wiring.c.o)
                0x08002234                UsageFault_Handler
 .text.init     0x08002236       0x54 C:\Users\yimen\AppData\Local\Temp\arduino\sketches\2A22CCD368010BE262D1B9276C64B595/..\..\cores\lacunaspace_stm32l4_NUCLEO-L476RG_dosfs_none,speed_80,opt_os_57b4e5fc4178e33c891aeec98a87e1de\core.a(stm32l4_wiring.c.o)
                0x08002236                init
 .text.pinMode  0x0800228a       0x5c C:\Users\yimen\AppData\Local\Temp\arduino\sketches\2A22CCD368010BE262D1B9276C64B595/..\..\cores\lacunaspace_stm32l4_NUCLEO-L476RG_dosfs_none,speed_80,opt_os_57b4e5fc4178e33c891aeec98a87e1de\core.a(stm32l4_wiring_digital.c.o)
                0x0800228a                pinMode
 .text.digitalWrite
                0x080022e6       0x1e C:\Users\yimen\AppData\Local\Temp\arduino\sketches\2A22CCD368010BE262D1B9276C64B595/..\..\cores\lacunaspace_stm32l4_NUCLEO-L476RG_dosfs_none,speed_80,opt_os_57b4e5fc4178e33c891aeec98a87e1de\core.a(stm32l4_wiring_digital.c.o)
                0x080022e6                digitalWrite
 .text.armv7m_atomic_compare_exchange
                0x08002304       0x20 C:\Users\yimen\AppData\Local\Arduino15\packages\lacunaspace\hardware\stm32l4\0.0.28-lacuna-8/system/STM32L4xx/Lib\libstm32l476.a(armv7m_atomic.o)
                0x08002304                armv7m_atomic_compare_exchange
 .text.armv7m_atomic_add
                0x08002324       0x14 C:\Users\yimen\AppData\Local\Arduino15\packages\lacunaspace\hardware\stm32l4\0.0.28-lacuna-8/system/STM32L4xx/Lib\libstm32l476.a(armv7m_atomic.o)
                0x08002324                armv7m_atomic_add
 .text.armv7m_atomic_sub
                0x08002338       0x14 C:\Users\yimen\AppData\Local\Arduino15\packages\lacunaspace\hardware\stm32l4\0.0.28-lacuna-8/system/STM32L4xx/Lib\libstm32l476.a(armv7m_atomic.o)
                0x08002338                armv7m_atomic_sub
 .text.armv7m_atomic_and
                0x0800234c       0x16 C:\Users\yimen\AppData\Local\Arduino15\packages\lacunaspace\hardware\stm32l4\0.0.28-lacuna-8/system/STM32L4xx/Lib\libstm32l476.a(armv7m_atomic.o)
                0x0800234c                armv7m_atomic_and
 .text.armv7m_atomic_or
                0x08002362       0x16 C:\Users\yimen\AppData\Local\Arduino15\packages\lacunaspace\hardware\stm32l4\0.0.28-lacuna-8/system/STM32L4xx/Lib\libstm32l476.a(armv7m_atomic.o)
                0x08002362                armv7m_atomic_or
 .text.armv7m_atomic_modify
                0x08002378       0x32 C:\Users\yimen\AppData\Local\Arduino15\packages\lacunaspace\hardware\stm32l4\0.0.28-lacuna-8/system/STM32L4xx/Lib\libstm32l476.a(armv7m_atomic.o)
                0x08002378                armv7m_atomic_modify
 .text.armv7m_core_priority
                0x080023aa       0x6a C:\Users\yimen\AppData\Local\Arduino15\packages\lacunaspace\hardware\stm32l4\0.0.28-lacuna-8/system/STM32L4xx/Lib\libstm32l476.a(armv7m_core.o)
                0x080023aa                armv7m_core_priority
 .text.armv7m_core_udelay
                0x08002414       0x3a C:\Users\yimen\AppData\Local\Arduino15\packages\lacunaspace\hardware\stm32l4\0.0.28-lacuna-8/system/STM32L4xx/Lib\libstm32l476.a(armv7m_core.o)
                0x08002414                armv7m_core_udelay
 .text.armv7m_pendsv_enqueue
                0x0800244e       0x58 C:\Users\yimen\AppData\Local\Arduino15\packages\lacunaspace\hardware\stm32l4\0.0.28-lacuna-8/system/STM32L4xx/Lib\libstm32l476.a(armv7m_pendsv.o)
                0x0800244e                armv7m_pendsv_enqueue
 .text.armv7m_pendsv_dequeue
                0x080024a6       0x36 C:\Users\yimen\AppData\Local\Arduino15\packages\lacunaspace\hardware\stm32l4\0.0.28-lacuna-8/system/STM32L4xx/Lib\libstm32l476.a(armv7m_pendsv.o)
 .text.armv7m_pendsv_initialize
                0x080024dc       0x20 C:\Users\yimen\AppData\Local\Arduino15\packages\lacunaspace\hardware\stm32l4\0.0.28-lacuna-8/system/STM32L4xx/Lib\libstm32l476.a(armv7m_pendsv.o)
                0x080024dc                armv7m_pendsv_initialize
 .text.PendSV_Handler
                0x080024fc        0x4 C:\Users\yimen\AppData\Local\Arduino15\packages\lacunaspace\hardware\stm32l4\0.0.28-lacuna-8/system/STM32L4xx/Lib\libstm32l476.a(armv7m_pendsv.o)
                0x080024fc                PendSV_Handler
 .text.armv7m_svcall_initialize
                0x08002500        0xe C:\Users\yimen\AppData\Local\Arduino15\packages\lacunaspace\hardware\stm32l4\0.0.28-lacuna-8/system/STM32L4xx/Lib\libstm32l476.a(armv7m_svcall.o)
                0x08002500                armv7m_svcall_initialize
 .text.SVC_Handler
                0x0800250e       0x12 C:\Users\yimen\AppData\Local\Arduino15\packages\lacunaspace\hardware\stm32l4\0.0.28-lacuna-8/system/STM32L4xx/Lib\libstm32l476.a(armv7m_svcall.o)
                0x0800250e                SVC_Handler
 .text.armv7m_systick_millis
                0x08002520        0xe C:\Users\yimen\AppData\Local\Arduino15\packages\lacunaspace\hardware\stm32l4\0.0.28-lacuna-8/system/STM32L4xx/Lib\libstm32l476.a(armv7m_systick.o)
                0x08002520                armv7m_systick_millis
 .text.armv7m_systick_delay
                0x0800252e       0x2e C:\Users\yimen\AppData\Local\Arduino15\packages\lacunaspace\hardware\stm32l4\0.0.28-lacuna-8/system/STM32L4xx/Lib\libstm32l476.a(armv7m_systick.o)
                0x0800252e                armv7m_systick_delay
 .text.armv7m_systick_notify
                0x0800255c        0xe C:\Users\yimen\AppData\Local\Arduino15\packages\lacunaspace\hardware\stm32l4\0.0.28-lacuna-8/system/STM32L4xx/Lib\libstm32l476.a(armv7m_systick.o)
                0x0800255c                armv7m_systick_notify
 .text.armv7m_systick_initialize
                0x0800256a       0x22 C:\Users\yimen\AppData\Local\Arduino15\packages\lacunaspace\hardware\stm32l4\0.0.28-lacuna-8/system/STM32L4xx/Lib\libstm32l476.a(armv7m_systick.o)
                0x0800256a                armv7m_systick_initialize
 .text.armv7m_systick_enable
                0x0800258c       0x72 C:\Users\yimen\AppData\Local\Arduino15\packages\lacunaspace\hardware\stm32l4\0.0.28-lacuna-8/system/STM32L4xx/Lib\libstm32l476.a(armv7m_systick.o)
                0x0800258c                armv7m_systick_enable
 .text.armv7m_systick_disable
                0x080025fe       0x12 C:\Users\yimen\AppData\Local\Arduino15\packages\lacunaspace\hardware\stm32l4\0.0.28-lacuna-8/system/STM32L4xx/Lib\libstm32l476.a(armv7m_systick.o)
                0x080025fe                armv7m_systick_disable
 .text.SysTick_Handler
                0x08002610       0x6c C:\Users\yimen\AppData\Local\Arduino15\packages\lacunaspace\hardware\stm32l4\0.0.28-lacuna-8/system/STM32L4xx/Lib\libstm32l476.a(armv7m_systick.o)
                0x08002610                SysTick_Handler
 .text.armv7m_timer_remove
                0x0800267c       0x1a C:\Users\yimen\AppData\Local\Arduino15\packages\lacunaspace\hardware\stm32l4\0.0.28-lacuna-8/system/STM32L4xx/Lib\libstm32l476.a(armv7m_timer.o)
 .text.armv7m_timer_callback
                0x08002696       0x48 C:\Users\yimen\AppData\Local\Arduino15\packages\lacunaspace\hardware\stm32l4\0.0.28-lacuna-8/system/STM32L4xx/Lib\libstm32l476.a(armv7m_timer.o)
 .text.armv7m_timer_initialize
                0x080026de       0x26 C:\Users\yimen\AppData\Local\Arduino15\packages\lacunaspace\hardware\stm32l4\0.0.28-lacuna-8/system/STM32L4xx/Lib\libstm32l476.a(armv7m_timer.o)
                0x080026de                armv7m_timer_initialize
 .text._sbrk    0x08002704       0x30 C:\Users\yimen\AppData\Local\Arduino15\packages\lacunaspace\hardware\stm32l4\0.0.28-lacuna-8/system/STM32L4xx/Lib\libstm32l476.a(stm32l4_clib.o)
                0x08002704                _sbrk
 .text.stm32l4_exti_create
                0x08002734       0x1e C:\Users\yimen\AppData\Local\Arduino15\packages\lacunaspace\hardware\stm32l4\0.0.28-lacuna-8/system/STM32L4xx/Lib\libstm32l476.a(stm32l4_exti.o)
                0x08002734                stm32l4_exti_create
 .text.stm32l4_exti_enable
                0x08002752       0x94 C:\Users\yimen\AppData\Local\Arduino15\packages\lacunaspace\hardware\stm32l4\0.0.28-lacuna-8/system/STM32L4xx/Lib\libstm32l476.a(stm32l4_exti.o)
                0x08002752                stm32l4_exti_enable
 .text.EXTI0_IRQHandler
                0x080027e6       0x20 C:\Users\yimen\AppData\Local\Arduino15\packages\lacunaspace\hardware\stm32l4\0.0.28-lacuna-8/system/STM32L4xx/Lib\libstm32l476.a(stm32l4_exti.o)
                0x080027e6                EXTI0_IRQHandler
 .text.EXTI1_IRQHandler
                0x08002806       0x20 C:\Users\yimen\AppData\Local\Arduino15\packages\lacunaspace\hardware\stm32l4\0.0.28-lacuna-8/system/STM32L4xx/Lib\libstm32l476.a(stm32l4_exti.o)
                0x08002806                EXTI1_IRQHandler
 .text.EXTI2_IRQHandler
                0x08002826       0x20 C:\Users\yimen\AppData\Local\Arduino15\packages\lacunaspace\hardware\stm32l4\0.0.28-lacuna-8/system/STM32L4xx/Lib\libstm32l476.a(stm32l4_exti.o)
                0x08002826                EXTI2_IRQHandler
 .text.EXTI3_IRQHandler
                0x08002846       0x20 C:\Users\yimen\AppData\Local\Arduino15\packages\lacunaspace\hardware\stm32l4\0.0.28-lacuna-8/system/STM32L4xx/Lib\libstm32l476.a(stm32l4_exti.o)
                0x08002846                EXTI3_IRQHandler
 .text.EXTI4_IRQHandler
                0x08002866       0x20 C:\Users\yimen\AppData\Local\Arduino15\packages\lacunaspace\hardware\stm32l4\0.0.28-lacuna-8/system/STM32L4xx/Lib\libstm32l476.a(stm32l4_exti.o)
                0x08002866                EXTI4_IRQHandler
 .text.EXTI9_5_IRQHandler
                0x08002886       0x42 C:\Users\yimen\AppData\Local\Arduino15\packages\lacunaspace\hardware\stm32l4\0.0.28-lacuna-8/system/STM32L4xx/Lib\libstm32l476.a(stm32l4_exti.o)
                0x08002886                EXTI9_5_IRQHandler
 .text.EXTI15_10_IRQHandler
                0x080028c8       0x42 C:\Users\yimen\AppData\Local\Arduino15\packages\lacunaspace\hardware\stm32l4\0.0.28-lacuna-8/system/STM32L4xx/Lib\libstm32l476.a(stm32l4_exti.o)
                0x080028c8                EXTI15_10_IRQHandler
 .text.NVIC_EnableIRQ
                0x0800290a       0x1a C:\Users\yimen\AppData\Local\Arduino15\packages\lacunaspace\hardware\stm32l4\0.0.28-lacuna-8/system/STM32L4xx/Lib\libstm32l476.a(stm32l4_i2c.o)
 .text.NVIC_DisableIRQ
                0x08002924       0x1c C:\Users\yimen\AppData\Local\Arduino15\packages\lacunaspace\hardware\stm32l4\0.0.28-lacuna-8/system/STM32L4xx/Lib\libstm32l476.a(stm32l4_i2c.o)
 .text.stm32l4_gpio_pin_write
                0x08002940       0x1e C:\Users\yimen\AppData\Local\Arduino15\packages\lacunaspace\hardware\stm32l4\0.0.28-lacuna-8/system/STM32L4xx/Lib\libstm32l476.a(stm32l4_i2c.o)
 .text.stm32l4_i2c_slave_address_match
                0x0800295e       0x62 C:\Users\yimen\AppData\Local\Arduino15\packages\lacunaspace\hardware\stm32l4\0.0.28-lacuna-8/system/STM32L4xx/Lib\libstm32l476.a(stm32l4_i2c.o)
 .text.stm32l4_i2c_stop
                0x080029c0       0x44 C:\Users\yimen\AppData\Local\Arduino15\packages\lacunaspace\hardware\stm32l4\0.0.28-lacuna-8/system/STM32L4xx/Lib\libstm32l476.a(stm32l4_i2c.o)
 .text.stm32l4_i2c_error_interrupt
                0x08002a04       0x9e C:\Users\yimen\AppData\Local\Arduino15\packages\lacunaspace\hardware\stm32l4\0.0.28-lacuna-8/system/STM32L4xx/Lib\libstm32l476.a(stm32l4_i2c.o)
 .text.stm32l4_i2c_start
                0x08002aa2       0x4e C:\Users\yimen\AppData\Local\Arduino15\packages\lacunaspace\hardware\stm32l4\0.0.28-lacuna-8/system/STM32L4xx/Lib\libstm32l476.a(stm32l4_i2c.o)
 .text.stm32l4_i2c_master_receive
                0x08002af0       0x7c C:\Users\yimen\AppData\Local\Arduino15\packages\lacunaspace\hardware\stm32l4\0.0.28-lacuna-8/system/STM32L4xx/Lib\libstm32l476.a(stm32l4_i2c.o)
 .text.stm32l4_i2c_master_transmit
                0x08002b6c       0x98 C:\Users\yimen\AppData\Local\Arduino15\packages\lacunaspace\hardware\stm32l4\0.0.28-lacuna-8/system/STM32L4xx/Lib\libstm32l476.a(stm32l4_i2c.o)
 .text.stm32l4_i2c_event_interrupt
                0x08002c04      0x29e C:\Users\yimen\AppData\Local\Arduino15\packages\lacunaspace\hardware\stm32l4\0.0.28-lacuna-8/system/STM32L4xx/Lib\libstm32l476.a(stm32l4_i2c.o)
 .text.stm32l4_i2c_create
                0x08002ea2      0x138 C:\Users\yimen\AppData\Local\Arduino15\packages\lacunaspace\hardware\stm32l4\0.0.28-lacuna-8/system/STM32L4xx/Lib\libstm32l476.a(stm32l4_i2c.o)
                0x08002ea2                stm32l4_i2c_create
 .text.stm32l4_i2c_notify
                0x08002fda       0x4e C:\Users\yimen\AppData\Local\Arduino15\packages\lacunaspace\hardware\stm32l4\0.0.28-lacuna-8/system/STM32L4xx/Lib\libstm32l476.a(stm32l4_i2c.o)
                0x08002fda                stm32l4_i2c_notify
 .text.stm32l4_i2c_reset
                0x08003028       0xd4 C:\Users\yimen\AppData\Local\Arduino15\packages\lacunaspace\hardware\stm32l4\0.0.28-lacuna-8/system/STM32L4xx/Lib\libstm32l476.a(stm32l4_i2c.o)
                0x08003028                stm32l4_i2c_reset
 .text.stm32l4_i2c_configure
                0x080030fc      0x21e C:\Users\yimen\AppData\Local\Arduino15\packages\lacunaspace\hardware\stm32l4\0.0.28-lacuna-8/system/STM32L4xx/Lib\libstm32l476.a(stm32l4_i2c.o)
                0x080030fc                stm32l4_i2c_configure
 .text.stm32l4_i2c_enable
                0x0800331a       0xf4 C:\Users\yimen\AppData\Local\Arduino15\packages\lacunaspace\hardware\stm32l4\0.0.28-lacuna-8/system/STM32L4xx/Lib\libstm32l476.a(stm32l4_i2c.o)
                0x0800331a                stm32l4_i2c_enable
 .text.stm32l4_i2c_transmit
                0x0800340e       0x46 C:\Users\yimen\AppData\Local\Arduino15\packages\lacunaspace\hardware\stm32l4\0.0.28-lacuna-8/system/STM32L4xx/Lib\libstm32l476.a(stm32l4_i2c.o)
                0x0800340e                stm32l4_i2c_transmit
 .text.stm32l4_i2c_service
                0x08003454       0x26 C:\Users\yimen\AppData\Local\Arduino15\packages\lacunaspace\hardware\stm32l4\0.0.28-lacuna-8/system/STM32L4xx/Lib\libstm32l476.a(stm32l4_i2c.o)
                0x08003454                stm32l4_i2c_service
 .text.stm32l4_i2c_done
                0x0800347a        0xc C:\Users\yimen\AppData\Local\Arduino15\packages\lacunaspace\hardware\stm32l4\0.0.28-lacuna-8/system/STM32L4xx/Lib\libstm32l476.a(stm32l4_i2c.o)
                0x0800347a                stm32l4_i2c_done
 .text.stm32l4_i2c_count
                0x08003486        0x4 C:\Users\yimen\AppData\Local\Arduino15\packages\lacunaspace\hardware\stm32l4\0.0.28-lacuna-8/system/STM32L4xx/Lib\libstm32l476.a(stm32l4_i2c.o)
                0x08003486                stm32l4_i2c_count
 .text.stm32l4_i2c_status
                0x0800348a        0x4 C:\Users\yimen\AppData\Local\Arduino15\packages\lacunaspace\hardware\stm32l4\0.0.28-lacuna-8/system/STM32L4xx/Lib\libstm32l476.a(stm32l4_i2c.o)
                0x0800348a                stm32l4_i2c_status
 .text.stm32l4_i2c_poll
                0x0800348e       0x36 C:\Users\yimen\AppData\Local\Arduino15\packages\lacunaspace\hardware\stm32l4\0.0.28-lacuna-8/system/STM32L4xx/Lib\libstm32l476.a(stm32l4_i2c.o)
                0x0800348e                stm32l4_i2c_poll
 .text.I2C1_EV_IRQHandler
                0x080034c4        0xe C:\Users\yimen\AppData\Local\Arduino15\packages\lacunaspace\hardware\stm32l4\0.0.28-lacuna-8/system/STM32L4xx/Lib\libstm32l476.a(stm32l4_i2c.o)
                0x080034c4                I2C1_EV_IRQHandler
 .text.I2C1_ER_IRQHandler
                0x080034d2        0xe C:\Users\yimen\AppData\Local\Arduino15\packages\lacunaspace\hardware\stm32l4\0.0.28-lacuna-8/system/STM32L4xx/Lib\libstm32l476.a(stm32l4_i2c.o)
                0x080034d2                I2C1_ER_IRQHandler
 .text.I2C2_EV_IRQHandler
                0x080034e0        0xe C:\Users\yimen\AppData\Local\Arduino15\packages\lacunaspace\hardware\stm32l4\0.0.28-lacuna-8/system/STM32L4xx/Lib\libstm32l476.a(stm32l4_i2c.o)
                0x080034e0                I2C2_EV_IRQHandler
 .text.I2C2_ER_IRQHandler
                0x080034ee        0xe C:\Users\yimen\AppData\Local\Arduino15\packages\lacunaspace\hardware\stm32l4\0.0.28-lacuna-8/system/STM32L4xx/Lib\libstm32l476.a(stm32l4_i2c.o)
                0x080034ee                I2C2_ER_IRQHandler
 .text.I2C3_EV_IRQHandler
                0x080034fc        0xe C:\Users\yimen\AppData\Local\Arduino15\packages\lacunaspace\hardware\stm32l4\0.0.28-lacuna-8/system/STM32L4xx/Lib\libstm32l476.a(stm32l4_i2c.o)
                0x080034fc                I2C3_EV_IRQHandler
 .text.I2C3_ER_IRQHandler
                0x0800350a        0xe C:\Users\yimen\AppData\Local\Arduino15\packages\lacunaspace\hardware\stm32l4\0.0.28-lacuna-8/system/STM32L4xx/Lib\libstm32l476.a(stm32l4_i2c.o)
                0x0800350a                I2C3_ER_IRQHandler
 .text.stm32l4_gpio_pin_configure
                0x08003518       0xc6 C:\Users\yimen\AppData\Local\Arduino15\packages\lacunaspace\hardware\stm32l4\0.0.28-lacuna-8/system/STM32L4xx/Lib\libstm32l476.a(stm32l4_gpio.o)
                0x08003518                stm32l4_gpio_pin_configure
 .text.stm32l4_rtc_configure
                0x080035de       0x5c C:\Users\yimen\AppData\Local\Arduino15\packages\lacunaspace\hardware\stm32l4\0.0.28-lacuna-8/system/STM32L4xx/Lib\libstm32l476.a(stm32l4_rtc.o)
                0x080035de                stm32l4_rtc_configure
 .text.TAMP_STAMP_IRQHandler
                0x0800363a       0x38 C:\Users\yimen\AppData\Local\Arduino15\packages\lacunaspace\hardware\stm32l4\0.0.28-lacuna-8/system/STM32L4xx/Lib\libstm32l476.a(stm32l4_rtc.o)
                0x0800363a                TAMP_STAMP_IRQHandler
 .text.RTC_Alarm_IRQHandler
                0x08003672       0x5e C:\Users\yimen\AppData\Local\Arduino15\packages\lacunaspace\hardware\stm32l4\0.0.28-lacuna-8/system/STM32L4xx/Lib\libstm32l476.a(stm32l4_rtc.o)
                0x08003672                RTC_Alarm_IRQHandler
 .text.stm32l4_sai_transmit_8_callback
                0x080036d0       0x66 C:\Users\yimen\AppData\Local\Arduino15\packages\lacunaspace\hardware\stm32l4\0.0.28-lacuna-8/system/STM32L4xx/Lib\libstm32l476.a(stm32l4_sai.o)
 .text.stm32l4_sai_transmit_16_callback
                0x08003736       0x66 C:\Users\yimen\AppData\Local\Arduino15\packages\lacunaspace\hardware\stm32l4\0.0.28-lacuna-8/system/STM32L4xx/Lib\libstm32l476.a(stm32l4_sai.o)
 .text.stm32l4_sai_transmit_32_callback
                0x0800379c       0x66 C:\Users\yimen\AppData\Local\Arduino15\packages\lacunaspace\hardware\stm32l4\0.0.28-lacuna-8/system/STM32L4xx/Lib\libstm32l476.a(stm32l4_sai.o)
 .text.stm32l4_sai_stop
                0x08003802       0x24 C:\Users\yimen\AppData\Local\Arduino15\packages\lacunaspace\hardware\stm32l4\0.0.28-lacuna-8/system/STM32L4xx/Lib\libstm32l476.a(stm32l4_sai.o)
 .text.stm32l4_sai_dma_callback
                0x08003826       0x88 C:\Users\yimen\AppData\Local\Arduino15\packages\lacunaspace\hardware\stm32l4\0.0.28-lacuna-8/system/STM32L4xx/Lib\libstm32l476.a(stm32l4_sai.o)
 .text.stm32l4_sai_receive_32_callback
                0x080038ae       0x80 C:\Users\yimen\AppData\Local\Arduino15\packages\lacunaspace\hardware\stm32l4\0.0.28-lacuna-8/system/STM32L4xx/Lib\libstm32l476.a(stm32l4_sai.o)
 .text.stm32l4_sai_receive_16_callback
                0x0800392e       0x80 C:\Users\yimen\AppData\Local\Arduino15\packages\lacunaspace\hardware\stm32l4\0.0.28-lacuna-8/system/STM32L4xx/Lib\libstm32l476.a(stm32l4_sai.o)
 .text.stm32l4_sai_receive_8_callback
                0x080039ae       0x80 C:\Users\yimen\AppData\Local\Arduino15\packages\lacunaspace\hardware\stm32l4\0.0.28-lacuna-8/system/STM32L4xx/Lib\libstm32l476.a(stm32l4_sai.o)
 .text.stm32l4_sai_start
                0x08003a2e       0x32 C:\Users\yimen\AppData\Local\Arduino15\packages\lacunaspace\hardware\stm32l4\0.0.28-lacuna-8/system/STM32L4xx/Lib\libstm32l476.a(stm32l4_sai.o)
 .text.stm32l4_sai_interrupt
                0x08003a60       0x44 C:\Users\yimen\AppData\Local\Arduino15\packages\lacunaspace\hardware\stm32l4\0.0.28-lacuna-8/system/STM32L4xx/Lib\libstm32l476.a(stm32l4_sai.o)
 .text.stm32l4_sai_create
                0x08003aa4      0x15a C:\Users\yimen\AppData\Local\Arduino15\packages\lacunaspace\hardware\stm32l4\0.0.28-lacuna-8/system/STM32L4xx/Lib\libstm32l476.a(stm32l4_sai.o)
                0x08003aa4                stm32l4_sai_create
 .text.stm32l4_sai_configure
                0x08003bfe      0x2d0 C:\Users\yimen\AppData\Local\Arduino15\packages\lacunaspace\hardware\stm32l4\0.0.28-lacuna-8/system/STM32L4xx/Lib\libstm32l476.a(stm32l4_sai.o)
                0x08003bfe                stm32l4_sai_configure
 .text.stm32l4_sai_notify
                0x08003ece       0x22 C:\Users\yimen\AppData\Local\Arduino15\packages\lacunaspace\hardware\stm32l4\0.0.28-lacuna-8/system/STM32L4xx/Lib\libstm32l476.a(stm32l4_sai.o)
                0x08003ece                stm32l4_sai_notify
 .text.stm32l4_sai_enable
                0x08003ef0       0x82 C:\Users\yimen\AppData\Local\Arduino15\packages\lacunaspace\hardware\stm32l4\0.0.28-lacuna-8/system/STM32L4xx/Lib\libstm32l476.a(stm32l4_sai.o)
                0x08003ef0                stm32l4_sai_enable
 .text.stm32l4_sai_receive
                0x08003f72       0xf2 C:\Users\yimen\AppData\Local\Arduino15\packages\lacunaspace\hardware\stm32l4\0.0.28-lacuna-8/system/STM32L4xx/Lib\libstm32l476.a(stm32l4_sai.o)
                0x08003f72                stm32l4_sai_receive
 .text.stm32l4_sai_transmit
                0x08004064      0x14e C:\Users\yimen\AppData\Local\Arduino15\packages\lacunaspace\hardware\stm32l4\0.0.28-lacuna-8/system/STM32L4xx/Lib\libstm32l476.a(stm32l4_sai.o)
                0x08004064                stm32l4_sai_transmit
 .text.stm32l4_sai_done
                0x080041b2        0xa C:\Users\yimen\AppData\Local\Arduino15\packages\lacunaspace\hardware\stm32l4\0.0.28-lacuna-8/system/STM32L4xx/Lib\libstm32l476.a(stm32l4_sai.o)
                0x080041b2                stm32l4_sai_done
 .text.SAI1_IRQHandler
                0x080041bc       0x44 C:\Users\yimen\AppData\Local\Arduino15\packages\lacunaspace\hardware\stm32l4\0.0.28-lacuna-8/system/STM32L4xx/Lib\libstm32l476.a(stm32l4_sai.o)
                0x080041bc                SAI1_IRQHandler
 .text.SAI2_IRQHandler
                0x08004200       0x44 C:\Users\yimen\AppData\Local\Arduino15\packages\lacunaspace\hardware\stm32l4\0.0.28-lacuna-8/system/STM32L4xx/Lib\libstm32l476.a(stm32l4_sai.o)
                0x08004200                SAI2_IRQHandler
 .text.stm32l4_system_select_range_1
                0x08004244       0x94 C:\Users\yimen\AppData\Local\Arduino15\packages\lacunaspace\hardware\stm32l4\0.0.28-lacuna-8/system/STM32L4xx/Lib\libstm32l476.a(stm32l4_system.o)
 .text.stm32l4_system_select_range_2
                0x080042d8       0xba C:\Users\yimen\AppData\Local\Arduino15\packages\lacunaspace\hardware\stm32l4\0.0.28-lacuna-8/system/STM32L4xx/Lib\libstm32l476.a(stm32l4_system.o)
 .text.stm32l4_system_periph_enable
                0x08004392       0x1e C:\Users\yimen\AppData\Local\Arduino15\packages\lacunaspace\hardware\stm32l4\0.0.28-lacuna-8/system/STM32L4xx/Lib\libstm32l476.a(stm32l4_system.o)
                0x08004392                stm32l4_system_periph_enable
 .text.stm32l4_system_periph_disable
                0x080043b0       0x1e C:\Users\yimen\AppData\Local\Arduino15\packages\lacunaspace\hardware\stm32l4\0.0.28-lacuna-8/system/STM32L4xx/Lib\libstm32l476.a(stm32l4_system.o)
                0x080043b0                stm32l4_system_periph_disable
 .text.stm32l4_system_periph_cond_enable
                0x080043ce       0x2c C:\Users\yimen\AppData\Local\Arduino15\packages\lacunaspace\hardware\stm32l4\0.0.28-lacuna-8/system/STM32L4xx/Lib\libstm32l476.a(stm32l4_system.o)
                0x080043ce                stm32l4_system_periph_cond_enable
 .text.stm32l4_system_periph_cond_disable
                0x080043fa       0x56 C:\Users\yimen\AppData\Local\Arduino15\packages\lacunaspace\hardware\stm32l4\0.0.28-lacuna-8/system/STM32L4xx/Lib\libstm32l476.a(stm32l4_system.o)
                0x080043fa                stm32l4_system_periph_cond_disable
 .text.stm32l4_system_periph_cond_wake
                0x08004450       0x2c C:\Users\yimen\AppData\Local\Arduino15\packages\lacunaspace\hardware\stm32l4\0.0.28-lacuna-8/system/STM32L4xx/Lib\libstm32l476.a(stm32l4_system.o)
                0x08004450                stm32l4_system_periph_cond_wake
 .text.stm32l4_system_periph_cond_sleep
                0x0800447c       0x56 C:\Users\yimen\AppData\Local\Arduino15\packages\lacunaspace\hardware\stm32l4\0.0.28-lacuna-8/system/STM32L4xx/Lib\libstm32l476.a(stm32l4_system.o)
                0x0800447c                stm32l4_system_periph_cond_sleep
 .text.stm32l4_system_sysclk_configure
                0x080044d2      0x6cc C:\Users\yimen\AppData\Local\Arduino15\packages\lacunaspace\hardware\stm32l4\0.0.28-lacuna-8/system/STM32L4xx/Lib\libstm32l476.a(stm32l4_system.o)
                0x080044d2                stm32l4_system_sysclk_configure
 .text.stm32l4_system_initialize
                0x08004b9e      0x362 C:\Users\yimen\AppData\Local\Arduino15\packages\lacunaspace\hardware\stm32l4\0.0.28-lacuna-8/system/STM32L4xx/Lib\libstm32l476.a(stm32l4_system.o)
                0x08004b9e                stm32l4_system_initialize
 .text.stm32l4_system_saiclk_configure
                0x08004f00       0xf0 C:\Users\yimen\AppData\Local\Arduino15\packages\lacunaspace\hardware\stm32l4\0.0.28-lacuna-8/system/STM32L4xx/Lib\libstm32l476.a(stm32l4_system.o)
                0x08004f00                stm32l4_system_saiclk_configure
 .text.stm32l4_system_hsi16_enable
                0x08004ff0       0x3c C:\Users\yimen\AppData\Local\Arduino15\packages\lacunaspace\hardware\stm32l4\0.0.28-lacuna-8/system/STM32L4xx/Lib\libstm32l476.a(stm32l4_system.o)
                0x08004ff0                stm32l4_system_hsi16_enable
 .text.stm32l4_system_hsi16_disable
                0x0800502c       0x3c C:\Users\yimen\AppData\Local\Arduino15\packages\lacunaspace\hardware\stm32l4\0.0.28-lacuna-8/system/STM32L4xx/Lib\libstm32l476.a(stm32l4_system.o)
                0x0800502c                stm32l4_system_hsi16_disable
 .text.stm32l4_system_fclk
                0x08005068        0xc C:\Users\yimen\AppData\Local\Arduino15\packages\lacunaspace\hardware\stm32l4\0.0.28-lacuna-8/system/STM32L4xx/Lib\libstm32l476.a(stm32l4_system.o)
                0x08005068                stm32l4_system_fclk
 .text.stm32l4_uart_dma_callback
                0x08005074       0xd2 C:\Users\yimen\AppData\Local\Arduino15\packages\lacunaspace\hardware\stm32l4\0.0.28-lacuna-8/system/STM32L4xx/Lib\libstm32l476.a(stm32l4_uart.o)
 .text.stm32l4_uart_interrupt
                0x08005146      0x1fa C:\Users\yimen\AppData\Local\Arduino15\packages\lacunaspace\hardware\stm32l4\0.0.28-lacuna-8/system/STM32L4xx/Lib\libstm32l476.a(stm32l4_uart.o)
 .text.stm32l4_uart_create
                0x08005340      0x150 C:\Users\yimen\AppData\Local\Arduino15\packages\lacunaspace\hardware\stm32l4\0.0.28-lacuna-8/system/STM32L4xx/Lib\libstm32l476.a(stm32l4_uart.o)
                0x08005340                stm32l4_uart_create
 .text.stm32l4_uart_disable
                0x08005490       0x98 C:\Users\yimen\AppData\Local\Arduino15\packages\lacunaspace\hardware\stm32l4\0.0.28-lacuna-8/system/STM32L4xx/Lib\libstm32l476.a(stm32l4_uart.o)
                0x08005490                stm32l4_uart_disable
 .text.stm32l4_uart_configure
                0x08005528      0x2ce C:\Users\yimen\AppData\Local\Arduino15\packages\lacunaspace\hardware\stm32l4\0.0.28-lacuna-8/system/STM32L4xx/Lib\libstm32l476.a(stm32l4_uart.o)
                0x08005528                stm32l4_uart_configure
 .text.stm32l4_uart_notify
                0x080057f6       0x90 C:\Users\yimen\AppData\Local\Arduino15\packages\lacunaspace\hardware\stm32l4\0.0.28-lacuna-8/system/STM32L4xx/Lib\libstm32l476.a(stm32l4_uart.o)
                0x080057f6                stm32l4_uart_notify
 .text.stm32l4_uart_enable
                0x08005886      0x128 C:\Users\yimen\AppData\Local\Arduino15\packages\lacunaspace\hardware\stm32l4\0.0.28-lacuna-8/system/STM32L4xx/Lib\libstm32l476.a(stm32l4_uart.o)
                0x08005886                stm32l4_uart_enable
 .text.stm32l4_uart_receive
                0x080059ae       0x7e C:\Users\yimen\AppData\Local\Arduino15\packages\lacunaspace\hardware\stm32l4\0.0.28-lacuna-8/system/STM32L4xx/Lib\libstm32l476.a(stm32l4_uart.o)
                0x080059ae                stm32l4_uart_receive
 .text.stm32l4_uart_count
                0x08005a2c        0xc C:\Users\yimen\AppData\Local\Arduino15\packages\lacunaspace\hardware\stm32l4\0.0.28-lacuna-8/system/STM32L4xx/Lib\libstm32l476.a(stm32l4_uart.o)
                0x08005a2c                stm32l4_uart_count
 .text.stm32l4_uart_peek
                0x08005a38       0x18 C:\Users\yimen\AppData\Local\Arduino15\packages\lacunaspace\hardware\stm32l4\0.0.28-lacuna-8/system/STM32L4xx/Lib\libstm32l476.a(stm32l4_uart.o)
                0x08005a38                stm32l4_uart_peek
 .text.stm32l4_uart_transmit
                0x08005a50       0x78 C:\Users\yimen\AppData\Local\Arduino15\packages\lacunaspace\hardware\stm32l4\0.0.28-lacuna-8/system/STM32L4xx/Lib\libstm32l476.a(stm32l4_uart.o)
                0x08005a50                stm32l4_uart_transmit
 .text.stm32l4_uart_done
                0x08005ac8        0xa C:\Users\yimen\AppData\Local\Arduino15\packages\lacunaspace\hardware\stm32l4\0.0.28-lacuna-8/system/STM32L4xx/Lib\libstm32l476.a(stm32l4_uart.o)
                0x08005ac8                stm32l4_uart_done
 .text.stm32l4_uart_poll
                0x08005ad2       0x30 C:\Users\yimen\AppData\Local\Arduino15\packages\lacunaspace\hardware\stm32l4\0.0.28-lacuna-8/system/STM32L4xx/Lib\libstm32l476.a(stm32l4_uart.o)
                0x08005ad2                stm32l4_uart_poll
 .text.USART1_IRQHandler
                0x08005b02        0xe C:\Users\yimen\AppData\Local\Arduino15\packages\lacunaspace\hardware\stm32l4\0.0.28-lacuna-8/system/STM32L4xx/Lib\libstm32l476.a(stm32l4_uart.o)
                0x08005b02                USART1_IRQHandler
 .text.USART2_IRQHandler
                0x08005b10        0xe C:\Users\yimen\AppData\Local\Arduino15\packages\lacunaspace\hardware\stm32l4\0.0.28-lacuna-8/system/STM32L4xx/Lib\libstm32l476.a(stm32l4_uart.o)
                0x08005b10                USART2_IRQHandler
 .text.USART3_IRQHandler
                0x08005b1e        0xe C:\Users\yimen\AppData\Local\Arduino15\packages\lacunaspace\hardware\stm32l4\0.0.28-lacuna-8/system/STM32L4xx/Lib\libstm32l476.a(stm32l4_uart.o)
                0x08005b1e                USART3_IRQHandler
 .text.UART4_IRQHandler
                0x08005b2c        0xe C:\Users\yimen\AppData\Local\Arduino15\packages\lacunaspace\hardware\stm32l4\0.0.28-lacuna-8/system/STM32L4xx/Lib\libstm32l476.a(stm32l4_uart.o)
                0x08005b2c                UART4_IRQHandler
 .text.UART5_IRQHandler
                0x08005b3a        0xe C:\Users\yimen\AppData\Local\Arduino15\packages\lacunaspace\hardware\stm32l4\0.0.28-lacuna-8/system/STM32L4xx/Lib\libstm32l476.a(stm32l4_uart.o)
                0x08005b3a                UART5_IRQHandler
 .text.LPUART1_IRQHandler
                0x08005b48        0xe C:\Users\yimen\AppData\Local\Arduino15\packages\lacunaspace\hardware\stm32l4\0.0.28-lacuna-8/system/STM32L4xx/Lib\libstm32l476.a(stm32l4_uart.o)
                0x08005b48                LPUART1_IRQHandler
 *fill*         0x08005b56        0x2 
 .text.memcpy   0x08005b58       0xd8 C:\Users\yimen\AppData\Local\Arduino15\packages\lacunaspace\hardware\stm32l4\0.0.28-lacuna-8/system/STM32L4xx/Lib\libstm32l476.a(armv7m_rtlib.o)
                0x08005b58                __aeabi_memcpy
                0x08005b58                __aeabi_memcpy4
                0x08005b58                __aeabi_memcpy8
                0x08005b58                memcpy
 .text.memmove  0x08005c30       0xe8 C:\Users\yimen\AppData\Local\Arduino15\packages\lacunaspace\hardware\stm32l4\0.0.28-lacuna-8/system/STM32L4xx/Lib\libstm32l476.a(armv7m_rtlib.o)
                0x08005c30                __aeabi_memmove8
                0x08005c30                __aeabi_memmove
                0x08005c30                __aeabi_memmove4
                0x08005c30                memmove
 .text.memset   0x08005d18       0xa0 C:\Users\yimen\AppData\Local\Arduino15\packages\lacunaspace\hardware\stm32l4\0.0.28-lacuna-8/system/STM32L4xx/Lib\libstm32l476.a(armv7m_rtlib.o)
                0x08005d18                memset
 .text          0x08005db8       0x44 C:\Users\yimen\AppData\Local\Arduino15\packages\lacunaspace\hardware\stm32l4\0.0.28-lacuna-8/system/STM32L4xx/Lib\libstm32l476.a(startup_stm32l476xx.o)
                0x08005db8                Reset_Handler
                0x08005de8                TIM8_CC_IRQHandler
                0x08005de8                DebugMon_Handler
                0x08005de8                TIM1_CC_IRQHandler
                0x08005de8                TSC_IRQHandler
                0x08005de8                NMI_Handler
                0x08005de8                LPTIM2_IRQHandler
                0x08005de8                DFSDM1_FLT1_IRQHandler
                0x08005de8                DFSDM1_FLT2_IRQHandler
                0x08005de8                CAN1_RX0_IRQHandler
                0x08005de8                FPU_IRQHandler
                0x08005de8                TIM1_UP_TIM16_IRQHandler
                0x08005de8                ADC1_2_IRQHandler
                0x08005de8                SPI1_IRQHandler
                0x08005de8                TIM6_DAC_IRQHandler
                0x08005de8                TIM8_UP_IRQHandler
                0x08005de8                DFSDM1_FLT3_IRQHandler
                0x08005de8                TIM8_TRG_COM_IRQHandler
                0x08005de8                CAN1_RX1_IRQHandler
                0x08005de8                LCD_IRQHandler
                0x08005de8                ADC3_IRQHandler
                0x08005de8                TIM4_IRQHandler
                0x08005de8                QUADSPI_IRQHandler
                0x08005de8                TIM3_IRQHandler
                0x08005de8                RCC_IRQHandler
                0x08005de8                Default_Handler
                0x08005de8                TIM7_IRQHandler
                0x08005de8                SDMMC1_IRQHandler
                0x08005de8                TIM5_IRQHandler
                0x08005de8                RTC_WKUP_IRQHandler
                0x08005de8                PVD_PVM_IRQHandler
                0x08005de8                SPI2_IRQHandler
                0x08005de8                MemManage_Handler
                0x08005de8                CAN1_TX_IRQHandler
                0x08005de8                RNG_IRQHandler
                0x08005de8                TIM1_TRG_COM_TIM17_IRQHandler
                0x08005de8                COMP_IRQHandler
                0x08005de8                WWDG_IRQHandler
                0x08005de8                TIM2_IRQHandler
                0x08005de8                DFSDM1_FLT0_IRQHandler
                0x08005de8                TIM8_BRK_IRQHandler
                0x08005de8                CAN1_SCE_IRQHandler
                0x08005de8                FLASH_IRQHandler
                0x08005de8                OTG_FS_IRQHandler
                0x08005de8                SPI3_IRQHandler
                0x08005de8                FMC_IRQHandler
                0x08005de8                SWPMI1_IRQHandler
                0x08005de8                LPTIM1_IRQHandler
                0x08005de8                TIM1_BRK_TIM15_IRQHandler
 .text.stm32l4_dma_interrupt
                0x08005dfc       0x34 C:\Users\yimen\AppData\Local\Arduino15\packages\lacunaspace\hardware\stm32l4\0.0.28-lacuna-8/system/STM32L4xx/Lib\libstm32l476.a(stm32l4_dma.o)
 .text.stm32l4_dma_untrack.part.0
                0x08005e30       0x3c C:\Users\yimen\AppData\Local\Arduino15\packages\lacunaspace\hardware\stm32l4\0.0.28-lacuna-8/system/STM32L4xx/Lib\libstm32l476.a(stm32l4_dma.o)
 .text.stm32l4_dma_track.part.1
                0x08005e6c       0x3c C:\Users\yimen\AppData\Local\Arduino15\packages\lacunaspace\hardware\stm32l4\0.0.28-lacuna-8/system/STM32L4xx/Lib\libstm32l476.a(stm32l4_dma.o)
 .text.stm32l4_dma_create
                0x08005ea8       0x8c C:\Users\yimen\AppData\Local\Arduino15\packages\lacunaspace\hardware\stm32l4\0.0.28-lacuna-8/system/STM32L4xx/Lib\libstm32l476.a(stm32l4_dma.o)
                0x08005ea8                stm32l4_dma_create
 .text.stm32l4_dma_destroy
                0x08005f34       0x22 C:\Users\yimen\AppData\Local\Arduino15\packages\lacunaspace\hardware\stm32l4\0.0.28-lacuna-8/system/STM32L4xx/Lib\libstm32l476.a(stm32l4_dma.o)
                0x08005f34                stm32l4_dma_destroy
 .text.stm32l4_dma_enable
                0x08005f56       0x84 C:\Users\yimen\AppData\Local\Arduino15\packages\lacunaspace\hardware\stm32l4\0.0.28-lacuna-8/system/STM32L4xx/Lib\libstm32l476.a(stm32l4_dma.o)
                0x08005f56                stm32l4_dma_enable
 .text.stm32l4_dma_disable
                0x08005fda       0x62 C:\Users\yimen\AppData\Local\Arduino15\packages\lacunaspace\hardware\stm32l4\0.0.28-lacuna-8/system/STM32L4xx/Lib\libstm32l476.a(stm32l4_dma.o)
                0x08005fda                stm32l4_dma_disable
 .text.stm32l4_dma_start
                0x0800603c       0x94 C:\Users\yimen\AppData\Local\Arduino15\packages\lacunaspace\hardware\stm32l4\0.0.28-lacuna-8/system/STM32L4xx/Lib\libstm32l476.a(stm32l4_dma.o)
                0x0800603c                stm32l4_dma_start
 .text.stm32l4_dma_stop
                0x080060d0       0x2c C:\Users\yimen\AppData\Local\Arduino15\packages\lacunaspace\hardware\stm32l4\0.0.28-lacuna-8/system/STM32L4xx/Lib\libstm32l476.a(stm32l4_dma.o)
                0x080060d0                stm32l4_dma_stop
 .text.stm32l4_dma_count
                0x080060fc        0xc C:\Users\yimen\AppData\Local\Arduino15\packages\lacunaspace\hardware\stm32l4\0.0.28-lacuna-8/system/STM32L4xx/Lib\libstm32l476.a(stm32l4_dma.o)
                0x080060fc                stm32l4_dma_count
 .text.stm32l4_dma_poll
                0x08006108        0x4 C:\Users\yimen\AppData\Local\Arduino15\packages\lacunaspace\hardware\stm32l4\0.0.28-lacuna-8/system/STM32L4xx/Lib\libstm32l476.a(stm32l4_dma.o)
                0x08006108                stm32l4_dma_poll
 .text.DMA1_Channel1_IRQHandler
                0x0800610c        0xe C:\Users\yimen\AppData\Local\Arduino15\packages\lacunaspace\hardware\stm32l4\0.0.28-lacuna-8/system/STM32L4xx/Lib\libstm32l476.a(stm32l4_dma.o)
                0x0800610c                DMA1_Channel1_IRQHandler
 .text.DMA1_Channel2_IRQHandler
                0x0800611a        0xe C:\Users\yimen\AppData\Local\Arduino15\packages\lacunaspace\hardware\stm32l4\0.0.28-lacuna-8/system/STM32L4xx/Lib\libstm32l476.a(stm32l4_dma.o)
                0x0800611a                DMA1_Channel2_IRQHandler
 .text.DMA1_Channel3_IRQHandler
                0x08006128        0xe C:\Users\yimen\AppData\Local\Arduino15\packages\lacunaspace\hardware\stm32l4\0.0.28-lacuna-8/system/STM32L4xx/Lib\libstm32l476.a(stm32l4_dma.o)
                0x08006128                DMA1_Channel3_IRQHandler
 .text.DMA1_Channel4_IRQHandler
                0x08006136        0xe C:\Users\yimen\AppData\Local\Arduino15\packages\lacunaspace\hardware\stm32l4\0.0.28-lacuna-8/system/STM32L4xx/Lib\libstm32l476.a(stm32l4_dma.o)
                0x08006136                DMA1_Channel4_IRQHandler
 .text.DMA1_Channel5_IRQHandler
                0x08006144        0xe C:\Users\yimen\AppData\Local\Arduino15\packages\lacunaspace\hardware\stm32l4\0.0.28-lacuna-8/system/STM32L4xx/Lib\libstm32l476.a(stm32l4_dma.o)
                0x08006144                DMA1_Channel5_IRQHandler
 .text.DMA1_Channel6_IRQHandler
                0x08006152        0xe C:\Users\yimen\AppData\Local\Arduino15\packages\lacunaspace\hardware\stm32l4\0.0.28-lacuna-8/system/STM32L4xx/Lib\libstm32l476.a(stm32l4_dma.o)
                0x08006152                DMA1_Channel6_IRQHandler
 .text.DMA1_Channel7_IRQHandler
                0x08006160        0xe C:\Users\yimen\AppData\Local\Arduino15\packages\lacunaspace\hardware\stm32l4\0.0.28-lacuna-8/system/STM32L4xx/Lib\libstm32l476.a(stm32l4_dma.o)
                0x08006160                DMA1_Channel7_IRQHandler
 .text.DMA2_Channel1_IRQHandler
                0x0800616e        0xe C:\Users\yimen\AppData\Local\Arduino15\packages\lacunaspace\hardware\stm32l4\0.0.28-lacuna-8/system/STM32L4xx/Lib\libstm32l476.a(stm32l4_dma.o)
                0x0800616e                DMA2_Channel1_IRQHandler
 .text.DMA2_Channel2_IRQHandler
                0x0800617c        0xe C:\Users\yimen\AppData\Local\Arduino15\packages\lacunaspace\hardware\stm32l4\0.0.28-lacuna-8/system/STM32L4xx/Lib\libstm32l476.a(stm32l4_dma.o)
                0x0800617c                DMA2_Channel2_IRQHandler
 .text.DMA2_Channel3_IRQHandler
                0x0800618a        0xe C:\Users\yimen\AppData\Local\Arduino15\packages\lacunaspace\hardware\stm32l4\0.0.28-lacuna-8/system/STM32L4xx/Lib\libstm32l476.a(stm32l4_dma.o)
                0x0800618a                DMA2_Channel3_IRQHandler
 .text.DMA2_Channel4_IRQHandler
                0x08006198        0xe C:\Users\yimen\AppData\Local\Arduino15\packages\lacunaspace\hardware\stm32l4\0.0.28-lacuna-8/system/STM32L4xx/Lib\libstm32l476.a(stm32l4_dma.o)
                0x08006198                DMA2_Channel4_IRQHandler
 .text.DMA2_Channel5_IRQHandler
                0x080061a6        0xe C:\Users\yimen\AppData\Local\Arduino15\packages\lacunaspace\hardware\stm32l4\0.0.28-lacuna-8/system/STM32L4xx/Lib\libstm32l476.a(stm32l4_dma.o)
                0x080061a6                DMA2_Channel5_IRQHandler
 .text.DMA2_Channel6_IRQHandler
                0x080061b4        0xe C:\Users\yimen\AppData\Local\Arduino15\packages\lacunaspace\hardware\stm32l4\0.0.28-lacuna-8/system/STM32L4xx/Lib\libstm32l476.a(stm32l4_dma.o)
                0x080061b4                DMA2_Channel6_IRQHandler
 .text.DMA2_Channel7_IRQHandler
                0x080061c2        0xe C:\Users\yimen\AppData\Local\Arduino15\packages\lacunaspace\hardware\stm32l4\0.0.28-lacuna-8/system/STM32L4xx/Lib\libstm32l476.a(stm32l4_dma.o)
                0x080061c2                DMA2_Channel7_IRQHandler
 .text.__libc_init_array
                0x080061d0       0x4c c:/users/yimen/appdata/local/arduino15/packages/arduino/tools/arm-none-eabi-gcc/4.8.3-2014q1/bin/../lib/gcc/arm-none-eabi/4.8.3/../../../../arm-none-eabi/lib/armv7e-m/fpu\libc_s.a(lib_a-init.o)
                0x080061d0                __libc_init_array
 .text.malloc   0x0800621c       0x10 c:/users/yimen/appdata/local/arduino15/packages/arduino/tools/arm-none-eabi-gcc/4.8.3-2014q1/bin/../lib/gcc/arm-none-eabi/4.8.3/../../../../arm-none-eabi/lib/armv7e-m/fpu\libc_s.a(lib_a-malloc.o)
                0x0800621c                malloc
 .text._free_r  0x0800622c       0x88 c:/users/yimen/appdata/local/arduino15/packages/arduino/tools/arm-none-eabi-gcc/4.8.3-2014q1/bin/../lib/gcc/arm-none-eabi/4.8.3/../../../../arm-none-eabi/lib/armv7e-m/fpu\libc_s.a(lib_a-nano-freer.o)
                0x0800622c                _free_r
 .text._malloc_r
                0x080062b4       0xa8 c:/users/yimen/appdata/local/arduino15/packages/arduino/tools/arm-none-eabi-gcc/4.8.3-2014q1/bin/../lib/gcc/arm-none-eabi/4.8.3/../../../../arm-none-eabi/lib/armv7e-m/fpu\libc_s.a(lib_a-nano-mallocr.o)
                0x080062b4                _malloc_r
 .text.__fpclassifyd
                0x0800635c       0x48 c:/users/yimen/appdata/local/arduino15/packages/arduino/tools/arm-none-eabi-gcc/4.8.3-2014q1/bin/../lib/gcc/arm-none-eabi/4.8.3/../../../../arm-none-eabi/lib/armv7e-m/fpu\libc_s.a(lib_a-s_fpclassify.o)
                0x0800635c                __fpclassifyd
 .text._sbrk_r  0x080063a4       0x20 c:/users/yimen/appdata/local/arduino15/packages/arduino/tools/arm-none-eabi-gcc/4.8.3-2014q1/bin/../lib/gcc/arm-none-eabi/4.8.3/../../../../arm-none-eabi/lib/armv7e-m/fpu\libc_s.a(lib_a-sbrkr.o)
                0x080063a4                _sbrk_r
 .text.snprintf
                0x080063c4       0x64 c:/users/yimen/appdata/local/arduino15/packages/arduino/tools/arm-none-eabi-gcc/4.8.3-2014q1/bin/../lib/gcc/arm-none-eabi/4.8.3/../../../../arm-none-eabi/lib/armv7e-m/fpu\libc_s.a(lib_a-snprintf.o)
                0x080063c4                sniprintf
                0x080063c4                snprintf
 .text.strlen   0x08006428       0x10 c:/users/yimen/appdata/local/arduino15/packages/arduino/tools/arm-none-eabi-gcc/4.8.3-2014q1/bin/../lib/gcc/arm-none-eabi/4.8.3/../../../../arm-none-eabi/lib/armv7e-m/fpu\libc_s.a(lib_a-strlen.o)
                0x08006428                strlen
 .text.__ssputs_r
                0x08006438       0xb8 c:/users/yimen/appdata/local/arduino15/packages/arduino/tools/arm-none-eabi-gcc/4.8.3-2014q1/bin/../lib/gcc/arm-none-eabi/4.8.3/../../../../arm-none-eabi/lib/armv7e-m/fpu\libc_s.a(lib_a-svfprintf.o)
                0x08006438                __ssputs_r
 .text._svfprintf_r
                0x080064f0      0x1dc c:/users/yimen/appdata/local/arduino15/packages/arduino/tools/arm-none-eabi-gcc/4.8.3-2014q1/bin/../lib/gcc/arm-none-eabi/4.8.3/../../../../arm-none-eabi/lib/armv7e-m/fpu\libc_s.a(lib_a-svfprintf.o)
                0x080064f0                _svfiprintf_r
                0x080064f0                _svfprintf_r
 .text.__cvt    0x080066cc       0xc0 c:/users/yimen/appdata/local/arduino15/packages/arduino/tools/arm-none-eabi-gcc/4.8.3-2014q1/bin/../lib/gcc/arm-none-eabi/4.8.3/../../../../arm-none-eabi/lib/armv7e-m/fpu\libc_s.a(lib_a-vfprintf_float.o)
                0x080066cc                __cvt
 .text.__exponent
                0x0800678c       0x66 c:/users/yimen/appdata/local/arduino15/packages/arduino/tools/arm-none-eabi-gcc/4.8.3-2014q1/bin/../lib/gcc/arm-none-eabi/4.8.3/../../../../arm-none-eabi/lib/armv7e-m/fpu\libc_s.a(lib_a-vfprintf_float.o)
                0x0800678c                __exponent
 *fill*         0x080067f2        0x2 
 .text._printf_float
                0x080067f4      0x420 c:/users/yimen/appdata/local/arduino15/packages/arduino/tools/arm-none-eabi-gcc/4.8.3-2014q1/bin/../lib/gcc/arm-none-eabi/4.8.3/../../../../arm-none-eabi/lib/armv7e-m/fpu\libc_s.a(lib_a-vfprintf_float.o)
                0x080067f4                _printf_float
 .text._printf_common
                0x08006c14       0xe4 c:/users/yimen/appdata/local/arduino15/packages/arduino/tools/arm-none-eabi-gcc/4.8.3-2014q1/bin/../lib/gcc/arm-none-eabi/4.8.3/../../../../arm-none-eabi/lib/armv7e-m/fpu\libc_s.a(lib_a-vfprintf_i.o)
                0x08006c14                _printf_common
 .text._printf_i
                0x08006cf8      0x228 c:/users/yimen/appdata/local/arduino15/packages/arduino/tools/arm-none-eabi-gcc/4.8.3-2014q1/bin/../lib/gcc/arm-none-eabi/4.8.3/../../../../arm-none-eabi/lib/armv7e-m/fpu\libc_s.a(lib_a-vfprintf_i.o)
                0x08006cf8                _printf_i
 .text.quorem   0x08006f20      0x11a c:/users/yimen/appdata/local/arduino15/packages/arduino/tools/arm-none-eabi-gcc/4.8.3-2014q1/bin/../lib/gcc/arm-none-eabi/4.8.3/../../../../arm-none-eabi/lib/armv7e-m/fpu\libc_s.a(lib_a-dtoa.o)
 *fill*         0x0800703a        0x6 
 .text._dtoa_r  0x08007040      0xb70 c:/users/yimen/appdata/local/arduino15/packages/arduino/tools/arm-none-eabi-gcc/4.8.3-2014q1/bin/../lib/gcc/arm-none-eabi/4.8.3/../../../../arm-none-eabi/lib/armv7e-m/fpu\libc_s.a(lib_a-dtoa.o)
                0x08007040                _dtoa_r
 .text._localeconv_r
                0x08007bb0        0x8 c:/users/yimen/appdata/local/arduino15/packages/arduino/tools/arm-none-eabi-gcc/4.8.3-2014q1/bin/../lib/gcc/arm-none-eabi/4.8.3/../../../../arm-none-eabi/lib/armv7e-m/fpu\libc_s.a(lib_a-locale.o)
                0x08007bb0                _localeconv_r
 .text.memchr   0x08007bb8       0x1e c:/users/yimen/appdata/local/arduino15/packages/arduino/tools/arm-none-eabi-gcc/4.8.3-2014q1/bin/../lib/gcc/arm-none-eabi/4.8.3/../../../../arm-none-eabi/lib/armv7e-m/fpu\libc_s.a(lib_a-memchr-stub.o)
                0x08007bb8                memchr
 .text._Balloc  0x08007bd6       0x6a c:/users/yimen/appdata/local/arduino15/packages/arduino/tools/arm-none-eabi-gcc/4.8.3-2014q1/bin/../lib/gcc/arm-none-eabi/4.8.3/../../../../arm-none-eabi/lib/armv7e-m/fpu\libc_s.a(lib_a-mprec.o)
                0x08007bd6                _Balloc
 .text._Bfree   0x08007c40       0x2e c:/users/yimen/appdata/local/arduino15/packages/arduino/tools/arm-none-eabi-gcc/4.8.3-2014q1/bin/../lib/gcc/arm-none-eabi/4.8.3/../../../../arm-none-eabi/lib/armv7e-m/fpu\libc_s.a(lib_a-mprec.o)
                0x08007c40                _Bfree
 .text.__multadd
                0x08007c6e       0x74 c:/users/yimen/appdata/local/arduino15/packages/arduino/tools/arm-none-eabi-gcc/4.8.3-2014q1/bin/../lib/gcc/arm-none-eabi/4.8.3/../../../../arm-none-eabi/lib/armv7e-m/fpu\libc_s.a(lib_a-mprec.o)
                0x08007c6e                __multadd
 .text.__hi0bits
                0x08007ce2       0x40 c:/users/yimen/appdata/local/arduino15/packages/arduino/tools/arm-none-eabi-gcc/4.8.3-2014q1/bin/../lib/gcc/arm-none-eabi/4.8.3/../../../../arm-none-eabi/lib/armv7e-m/fpu\libc_s.a(lib_a-mprec.o)
                0x08007ce2                __hi0bits
 .text.__lo0bits
                0x08007d22       0x5a c:/users/yimen/appdata/local/arduino15/packages/arduino/tools/arm-none-eabi-gcc/4.8.3-2014q1/bin/../lib/gcc/arm-none-eabi/4.8.3/../../../../arm-none-eabi/lib/armv7e-m/fpu\libc_s.a(lib_a-mprec.o)
                0x08007d22                __lo0bits
 .text.__i2b    0x08007d7c       0x12 c:/users/yimen/appdata/local/arduino15/packages/arduino/tools/arm-none-eabi-gcc/4.8.3-2014q1/bin/../lib/gcc/arm-none-eabi/4.8.3/../../../../arm-none-eabi/lib/armv7e-m/fpu\libc_s.a(lib_a-mprec.o)
                0x08007d7c                __i2b
 .text.__multiply
                0x08007d8e      0x130 c:/users/yimen/appdata/local/arduino15/packages/arduino/tools/arm-none-eabi-gcc/4.8.3-2014q1/bin/../lib/gcc/arm-none-eabi/4.8.3/../../../../arm-none-eabi/lib/armv7e-m/fpu\libc_s.a(lib_a-mprec.o)
                0x08007d8e                __multiply
 *fill*         0x08007ebe        0x2 
 .text.__pow5mult
                0x08007ec0       0x9c c:/users/yimen/appdata/local/arduino15/packages/arduino/tools/arm-none-eabi-gcc/4.8.3-2014q1/bin/../lib/gcc/arm-none-eabi/4.8.3/../../../../arm-none-eabi/lib/armv7e-m/fpu\libc_s.a(lib_a-mprec.o)
                0x08007ec0                __pow5mult
 .text.__lshift
                0x08007f5c       0xa6 c:/users/yimen/appdata/local/arduino15/packages/arduino/tools/arm-none-eabi-gcc/4.8.3-2014q1/bin/../lib/gcc/arm-none-eabi/4.8.3/../../../../arm-none-eabi/lib/armv7e-m/fpu\libc_s.a(lib_a-mprec.o)
                0x08007f5c                __lshift
 .text.__mcmp   0x08008002       0x3a c:/users/yimen/appdata/local/arduino15/packages/arduino/tools/arm-none-eabi-gcc/4.8.3-2014q1/bin/../lib/gcc/arm-none-eabi/4.8.3/../../../../arm-none-eabi/lib/armv7e-m/fpu\libc_s.a(lib_a-mprec.o)
                0x08008002                __mcmp
 .text.__mdiff  0x0800803c       0xbc c:/users/yimen/appdata/local/arduino15/packages/arduino/tools/arm-none-eabi-gcc/4.8.3-2014q1/bin/../lib/gcc/arm-none-eabi/4.8.3/../../../../arm-none-eabi/lib/armv7e-m/fpu\libc_s.a(lib_a-mprec.o)
                0x0800803c                __mdiff
 .text.__d2b    0x080080f8       0xa0 c:/users/yimen/appdata/local/arduino15/packages/arduino/tools/arm-none-eabi-gcc/4.8.3-2014q1/bin/../lib/gcc/arm-none-eabi/4.8.3/../../../../arm-none-eabi/lib/armv7e-m/fpu\libc_s.a(lib_a-mprec.o)
                0x080080f8                __d2b
 .text._calloc_r
                0x08008198       0x1c c:/users/yimen/appdata/local/arduino15/packages/arduino/tools/arm-none-eabi-gcc/4.8.3-2014q1/bin/../lib/gcc/arm-none-eabi/4.8.3/../../../../arm-none-eabi/lib/armv7e-m/fpu\libc_s.a(lib_a-nano-callocr.o)
                0x08008198                _calloc_r
 .text._realloc_r
                0x080081b4       0x4c c:/users/yimen/appdata/local/arduino15/packages/arduino/tools/arm-none-eabi-gcc/4.8.3-2014q1/bin/../lib/gcc/arm-none-eabi/4.8.3/../../../../arm-none-eabi/lib/armv7e-m/fpu\libc_s.a(lib_a-nano-reallocr.o)
                0x080081b4                _realloc_r
 .text._malloc_usable_size_r
                0x08008200       0x12 c:/users/yimen/appdata/local/arduino15/packages/arduino/tools/arm-none-eabi-gcc/4.8.3-2014q1/bin/../lib/gcc/arm-none-eabi/4.8.3/../../../../arm-none-eabi/lib/armv7e-m/fpu\libc_s.a(lib_a-nano-msizer.o)
                0x08008200                _malloc_usable_size_r
 *fill*         0x08008212        0x2 
 .text          0x08008214      0x370 c:/users/yimen/appdata/local/arduino15/packages/arduino/tools/arm-none-eabi-gcc/4.8.3-2014q1/bin/../lib/gcc/arm-none-eabi/4.8.3/armv7e-m/fpu\libgcc.a(_arm_addsubdf3.o)
                0x08008214                __aeabi_drsub
                0x0800821c                __aeabi_dsub
                0x0800821c                __subdf3
                0x08008220                __aeabi_dadd
                0x08008220                __adddf3
                0x08008498                __floatunsidf
                0x08008498                __aeabi_ui2d
                0x080084b8                __floatsidf
                0x080084b8                __aeabi_i2d
                0x080084dc                __aeabi_f2d
                0x080084dc                __extendsfdf2
                0x08008518                __floatundidf
                0x08008518                __aeabi_ul2d
                0x08008528                __floatdidf
                0x08008528                __aeabi_l2d
 .text          0x08008584      0x424 c:/users/yimen/appdata/local/arduino15/packages/arduino/tools/arm-none-eabi-gcc/4.8.3-2014q1/bin/../lib/gcc/arm-none-eabi/4.8.3/armv7e-m/fpu\libgcc.a(_arm_muldivdf3.o)
                0x08008584                __aeabi_dmul
                0x08008584                __muldf3
                0x080087d8                __divdf3
                0x080087d8                __aeabi_ddiv
 .text          0x080089a8      0x110 c:/users/yimen/appdata/local/arduino15/packages/arduino/tools/arm-none-eabi-gcc/4.8.3-2014q1/bin/../lib/gcc/arm-none-eabi/4.8.3/armv7e-m/fpu\libgcc.a(_arm_cmpdf2.o)
                0x080089a8                __gtdf2
                0x080089a8                __gedf2
                0x080089b0                __ltdf2
                0x080089b0                __ledf2
                0x080089b8                __nedf2
                0x080089b8                __eqdf2
                0x080089b8                __cmpdf2
                0x08008a34                __aeabi_cdrcmple
                0x08008a44                __aeabi_cdcmpeq
                0x08008a44                __aeabi_cdcmple
                0x08008a54                __aeabi_dcmpeq
                0x08008a68                __aeabi_dcmplt
                0x08008a7c                __aeabi_dcmple
                0x08008a90                __aeabi_dcmpge
                0x08008aa4                __aeabi_dcmpgt
 .text          0x08008ab8       0x50 c:/users/yimen/appdata/local/arduino15/packages/arduino/tools/arm-none-eabi-gcc/4.8.3-2014q1/bin/../lib/gcc/arm-none-eabi/4.8.3/armv7e-m/fpu\libgcc.a(_arm_fixdfsi.o)
                0x08008ab8                __aeabi_d2iz
                0x08008ab8                __fixdfsi
 .text          0x08008b08       0x2c c:/users/yimen/appdata/local/arduino15/packages/arduino/tools/arm-none-eabi-gcc/4.8.3-2014q1/bin/../lib/gcc/arm-none-eabi/4.8.3/armv7e-m/fpu\libgcc.a(_aeabi_uldivmod.o)
                0x08008b08                __aeabi_uldivmod
 .text          0x08008b34       0x60 c:/users/yimen/appdata/local/arduino15/packages/arduino/tools/arm-none-eabi-gcc/4.8.3-2014q1/bin/../lib/gcc/arm-none-eabi/4.8.3/armv7e-m/fpu\libgcc.a(bpabi.o)
                0x08008b34                __gnu_ldivmod_helper
                0x08008b64                __gnu_uldivmod_helper
 .text          0x08008b94        0x4 c:/users/yimen/appdata/local/arduino15/packages/arduino/tools/arm-none-eabi-gcc/4.8.3-2014q1/bin/../lib/gcc/arm-none-eabi/4.8.3/armv7e-m/fpu\libgcc.a(_dvmd_tls.o)
                0x08008b94                __aeabi_idiv0
                0x08008b94                __aeabi_ldiv0
 .text          0x08008b98      0x298 c:/users/yimen/appdata/local/arduino15/packages/arduino/tools/arm-none-eabi-gcc/4.8.3-2014q1/bin/../lib/gcc/arm-none-eabi/4.8.3/armv7e-m/fpu\libgcc.a(_divdi3.o)
                0x08008b98                __divdi3
 .text          0x08008e30      0x284 c:/users/yimen/appdata/local/arduino15/packages/arduino/tools/arm-none-eabi-gcc/4.8.3-2014q1/bin/../lib/gcc/arm-none-eabi/4.8.3/armv7e-m/fpu\libgcc.a(_udivdi3.o)
                0x08008e30                __udivdi3
 *(.init)
 .init          0x080090b4        0x4 c:/users/yimen/appdata/local/arduino15/packages/arduino/tools/arm-none-eabi-gcc/4.8.3-2014q1/bin/../lib/gcc/arm-none-eabi/4.8.3/armv7e-m/fpu/crti.o
                0x080090b4                _init
 .init          0x080090b8        0x8 c:/users/yimen/appdata/local/arduino15/packages/arduino/tools/arm-none-eabi-gcc/4.8.3-2014q1/bin/../lib/gcc/arm-none-eabi/4.8.3/armv7e-m/fpu/crtn.o
 *(.fini)
 .fini          0x080090c0        0x4 c:/users/yimen/appdata/local/arduino15/packages/arduino/tools/arm-none-eabi-gcc/4.8.3-2014q1/bin/../lib/gcc/arm-none-eabi/4.8.3/armv7e-m/fpu/crti.o
                0x080090c0                _fini
 .fini          0x080090c4        0x8 c:/users/yimen/appdata/local/arduino15/packages/arduino/tools/arm-none-eabi-gcc/4.8.3-2014q1/bin/../lib/gcc/arm-none-eabi/4.8.3/armv7e-m/fpu/crtn.o
 *crtbegin.o(.ctors)
 *crtbegin?.o(.ctors)
 *(EXCLUDE_FILE(*crtend.o *crtend?.o) .ctors)
 *(SORT(.ctors.*))
 *(.ctors)
 *crtbegin.o(.dtors)
 *crtbegin?.o(.dtors)
 *(EXCLUDE_FILE(*crtend.o *crtend?.o) .dtors)
 *(SORT(.dtors.*))
 *(.dtors)
 *(.rodata .rodata.* .gnu.linkonce.r.*)
 .rodata.str1.1
                0x080090cc      0x589 C:\Users\yimen\AppData\Local\Temp\arduino\sketches\2A22CCD368010BE262D1B9276C64B595\sketch\ADC3101.cpp.o
 *fill*         0x08009655        0x1 
 .rodata._ZL9g_SAIPins
                0x08009656        0x8 C:\Users\yimen\AppData\Local\Temp\arduino\sketches\2A22CCD368010BE262D1B9276C64B595\sketch\project_edge_ia.ino.cpp.o
 .rodata._ZL16conv1d_21_kernel
                0x0800965e      0x180 C:\Users\yimen\AppData\Local\Temp\arduino\sketches\2A22CCD368010BE262D1B9276C64B595\sketch\project_edge_ia.ino.cpp.o
 .rodata._ZL12dense_5_bias
                0x080097de        0x8 C:\Users\yimen\AppData\Local\Temp\arduino\sketches\2A22CCD368010BE262D1B9276C64B595\sketch\project_edge_ia.ino.cpp.o
 .rodata._ZL16conv1d_23_kernel
                0x080097e6      0xc00 C:\Users\yimen\AppData\Local\Temp\arduino\sketches\2A22CCD368010BE262D1B9276C64B595\sketch\project_edge_ia.ino.cpp.o
 .rodata._ZL14conv1d_21_bias
                0x0800a3e6       0x10 C:\Users\yimen\AppData\Local\Temp\arduino\sketches\2A22CCD368010BE262D1B9276C64B595\sketch\project_edge_ia.ino.cpp.o
 .rodata._ZL14conv1d_23_bias
                0x0800a3f6       0x40 C:\Users\yimen\AppData\Local\Temp\arduino\sketches\2A22CCD368010BE262D1B9276C64B595\sketch\project_edge_ia.ino.cpp.o
 .rodata._ZL14dense_5_kernel
                0x0800a436      0x100 C:\Users\yimen\AppData\Local\Temp\arduino\sketches\2A22CCD368010BE262D1B9276C64B595\sketch\project_edge_ia.ino.cpp.o
 .rodata.str1.1
                0x0800a536       0x23 C:\Users\yimen\AppData\Local\Temp\arduino\sketches\2A22CCD368010BE262D1B9276C64B595\sketch\project_edge_ia.ino.cpp.o
 *fill*         0x0800a559        0x1 
 .rodata._ZL16conv1d_20_kernel
                0x0800a55a      0x3c0 C:\Users\yimen\AppData\Local\Temp\arduino\sketches\2A22CCD368010BE262D1B9276C64B595\sketch\project_edge_ia.ino.cpp.o
 .rodata.g_Wire1Pins
                0x0800a91a        0x4 C:\Users\yimen\AppData\Local\Temp\arduino\sketches\2A22CCD368010BE262D1B9276C64B595\sketch\project_edge_ia.ino.cpp.o
                0x0800a91a                g_Wire1Pins
 .rodata._ZL14conv1d_22_bias
                0x0800a91e       0x20 C:\Users\yimen\AppData\Local\Temp\arduino\sketches\2A22CCD368010BE262D1B9276C64B595\sketch\project_edge_ia.ino.cpp.o
 .rodata._ZL16conv1d_22_kernel
                0x0800a93e      0x300 C:\Users\yimen\AppData\Local\Temp\arduino\sketches\2A22CCD368010BE262D1B9276C64B595\sketch\project_edge_ia.ino.cpp.o
 .rodata._ZL14conv1d_20_bias
                0x0800ac3e       0x10 C:\Users\yimen\AppData\Local\Temp\arduino\sketches\2A22CCD368010BE262D1B9276C64B595\sketch\project_edge_ia.ino.cpp.o
 *fill*         0x0800ac4e        0x2 
 .rodata._ZTV8I2SClass
                0x0800ac50       0x30 C:\Users\yimen\AppData\Local\Temp\arduino\sketches\2A22CCD368010BE262D1B9276C64B595\libraries\I2S\I2S.cpp.o
                0x0800ac50                vtable for I2SClass
 .rodata._ZTV9TwoWireEx
                0x0800ac80       0x30 C:\Users\yimen\AppData\Local\Temp\arduino\sketches\2A22CCD368010BE262D1B9276C64B595\libraries\Wire\Wire.cpp.o
                0x0800ac80                vtable for TwoWireEx
 .rodata._ZTV7TwoWire
                0x0800acb0       0x30 C:\Users\yimen\AppData\Local\Temp\arduino\sketches\2A22CCD368010BE262D1B9276C64B595\libraries\Wire\Wire.cpp.o
                0x0800acb0                vtable for TwoWire
 .rodata.g_SerialMode
                0x0800ace0        0x4 C:\Users\yimen\AppData\Local\Temp\arduino\sketches\2A22CCD368010BE262D1B9276C64B595\core\variant.cpp.o
                0x0800ace0                g_SerialMode
 .rodata.g_SerialPins
                0x0800ace4        0x8 C:\Users\yimen\AppData\Local\Temp\arduino\sketches\2A22CCD368010BE262D1B9276C64B595\core\variant.cpp.o
                0x0800ace4                g_SerialPins
 .rodata.g_SerialInstance
                0x0800acec        0x4 C:\Users\yimen\AppData\Local\Temp\arduino\sketches\2A22CCD368010BE262D1B9276C64B595\core\variant.cpp.o
                0x0800acec                g_SerialInstance
 .rodata.g_WireMode
                0x0800acf0        0x4 C:\Users\yimen\AppData\Local\Temp\arduino\sketches\2A22CCD368010BE262D1B9276C64B595\core\variant.cpp.o
                0x0800acf0                g_WireMode
 .rodata.g_APinDescription
                0x0800acf4      0x114 C:\Users\yimen\AppData\Local\Temp\arduino\sketches\2A22CCD368010BE262D1B9276C64B595\core\variant.cpp.o
                0x0800acf4                g_APinDescription
 .rodata.g_WireInstance
                0x0800ae08        0x4 C:\Users\yimen\AppData\Local\Temp\arduino\sketches\2A22CCD368010BE262D1B9276C64B595\core\variant.cpp.o
                0x0800ae08                g_WireInstance
 .rodata.g_WirePins
                0x0800ae0c        0x4 C:\Users\yimen\AppData\Local\Temp\arduino\sketches\2A22CCD368010BE262D1B9276C64B595\core\variant.cpp.o
                0x0800ae0c                g_WirePins
 .rodata.str1.1
                0x0800ae10       0x11 C:\Users\yimen\AppData\Local\Temp\arduino\sketches\2A22CCD368010BE262D1B9276C64B595/..\..\cores\lacunaspace_stm32l4_NUCLEO-L476RG_dosfs_none,speed_80,opt_os_57b4e5fc4178e33c891aeec98a87e1de\core.a(Print.cpp.o)
 *fill*         0x0800ae21        0x7 
 .rodata._ZTV4Uart
                0x0800ae28       0x40 C:\Users\yimen\AppData\Local\Temp\arduino\sketches\2A22CCD368010BE262D1B9276C64B595/..\..\cores\lacunaspace_stm32l4_NUCLEO-L476RG_dosfs_none,speed_80,opt_os_57b4e5fc4178e33c891aeec98a87e1de\core.a(Uart.cpp.o)
                0x0800ae28                vtable for Uart
 .rodata.stm32l4_system_xlate_SMENMSK
                0x0800ae68       0xbc C:\Users\yimen\AppData\Local\Arduino15\packages\lacunaspace\hardware\stm32l4\0.0.28-lacuna-8/system/STM32L4xx/Lib\libstm32l476.a(stm32l4_system.o)
 .rodata.stm32l4_system_xlate_ENR
                0x0800af24       0xbc C:\Users\yimen\AppData\Local\Arduino15\packages\lacunaspace\hardware\stm32l4\0.0.28-lacuna-8/system/STM32L4xx/Lib\libstm32l476.a(stm32l4_system.o)
 .rodata.stm32l4_system_xlate_ENMSK
                0x0800afe0       0xbc C:\Users\yimen\AppData\Local\Arduino15\packages\lacunaspace\hardware\stm32l4\0.0.28-lacuna-8/system/STM32L4xx/Lib\libstm32l476.a(stm32l4_system.o)
 .rodata.stm32l4_system_xlate_SMENR
                0x0800b09c       0xbc C:\Users\yimen\AppData\Local\Arduino15\packages\lacunaspace\hardware\stm32l4\0.0.28-lacuna-8/system/STM32L4xx/Lib\libstm32l476.a(stm32l4_system.o)
 .rodata.stm32l4_uart_xlate_USART
                0x0800b158       0x18 C:\Users\yimen\AppData\Local\Arduino15\packages\lacunaspace\hardware\stm32l4\0.0.28-lacuna-8/system/STM32L4xx/Lib\libstm32l476.a(stm32l4_uart.o)
 .rodata.stm32l4_uart_xlate_IRQn
                0x0800b170        0x6 C:\Users\yimen\AppData\Local\Arduino15\packages\lacunaspace\hardware\stm32l4\0.0.28-lacuna-8/system/STM32L4xx/Lib\libstm32l476.a(stm32l4_uart.o)
 *fill*         0x0800b176        0x2 
 .rodata.stm32l4_dma_channel_table
                0x0800b178       0x40 C:\Users\yimen\AppData\Local\Arduino15\packages\lacunaspace\hardware\stm32l4\0.0.28-lacuna-8/system/STM32L4xx/Lib\libstm32l476.a(stm32l4_dma.o)
 .rodata.stm32l4_dma_interrupt_table
                0x0800b1b8       0x10 C:\Users\yimen\AppData\Local\Arduino15\packages\lacunaspace\hardware\stm32l4\0.0.28-lacuna-8/system/STM32L4xx/Lib\libstm32l476.a(stm32l4_dma.o)
 .rodata.str1.1
                0x00000000       0x11 c:/users/yimen/appdata/local/arduino15/packages/arduino/tools/arm-none-eabi-gcc/4.8.3-2014q1/bin/../lib/gcc/arm-none-eabi/4.8.3/../../../../arm-none-eabi/lib/armv7e-m/fpu\libc_s.a(lib_a-impure.o)